Archive member included to satisfy reference by file (symbol)

c:/st/stm32cubeide_1.10.1/stm32cubeide/plugins/com.st.stm32cube.ide.mcu.externaltools.gnu-tools-for-stm32.10.3-2021.10.win32_1.0.200.202301161003/tools/bin/../lib/gcc/arm-none-eabi/10.3.1/../../../../arm-none-eabi/lib/thumb/v7-m/nofp\libc_nano.a(lib_a-errno.o)
                              ./Core/Src/syscalls.o (__errno)
c:/st/stm32cubeide_1.10.1/stm32cubeide/plugins/com.st.stm32cube.ide.mcu.externaltools.gnu-tools-for-stm32.10.3-2021.10.win32_1.0.200.202301161003/tools/bin/../lib/gcc/arm-none-eabi/10.3.1/../../../../arm-none-eabi/lib/thumb/v7-m/nofp\libc_nano.a(lib_a-exit.o)
                              c:/st/stm32cubeide_1.10.1/stm32cubeide/plugins/com.st.stm32cube.ide.mcu.externaltools.gnu-tools-for-stm32.10.3-2021.10.win32_1.0.200.202301161003/tools/bin/../lib/gcc/arm-none-eabi/10.3.1/../../../../arm-none-eabi/lib/thumb/v7-m/nofp/crt0.o (exit)
c:/st/stm32cubeide_1.10.1/stm32cubeide/plugins/com.st.stm32cube.ide.mcu.externaltools.gnu-tools-for-stm32.10.3-2021.10.win32_1.0.200.202301161003/tools/bin/../lib/gcc/arm-none-eabi/10.3.1/../../../../arm-none-eabi/lib/thumb/v7-m/nofp\libc_nano.a(lib_a-impure.o)
                              c:/st/stm32cubeide_1.10.1/stm32cubeide/plugins/com.st.stm32cube.ide.mcu.externaltools.gnu-tools-for-stm32.10.3-2021.10.win32_1.0.200.202301161003/tools/bin/../lib/gcc/arm-none-eabi/10.3.1/../../../../arm-none-eabi/lib/thumb/v7-m/nofp\libc_nano.a(lib_a-exit.o) (_global_impure_ptr)
c:/st/stm32cubeide_1.10.1/stm32cubeide/plugins/com.st.stm32cube.ide.mcu.externaltools.gnu-tools-for-stm32.10.3-2021.10.win32_1.0.200.202301161003/tools/bin/../lib/gcc/arm-none-eabi/10.3.1/../../../../arm-none-eabi/lib/thumb/v7-m/nofp\libc_nano.a(lib_a-init.o)
                              c:/st/stm32cubeide_1.10.1/stm32cubeide/plugins/com.st.stm32cube.ide.mcu.externaltools.gnu-tools-for-stm32.10.3-2021.10.win32_1.0.200.202301161003/tools/bin/../lib/gcc/arm-none-eabi/10.3.1/../../../../arm-none-eabi/lib/thumb/v7-m/nofp/crt0.o (__libc_init_array)
c:/st/stm32cubeide_1.10.1/stm32cubeide/plugins/com.st.stm32cube.ide.mcu.externaltools.gnu-tools-for-stm32.10.3-2021.10.win32_1.0.200.202301161003/tools/bin/../lib/gcc/arm-none-eabi/10.3.1/../../../../arm-none-eabi/lib/thumb/v7-m/nofp\libc_nano.a(lib_a-memset.o)
                              c:/st/stm32cubeide_1.10.1/stm32cubeide/plugins/com.st.stm32cube.ide.mcu.externaltools.gnu-tools-for-stm32.10.3-2021.10.win32_1.0.200.202301161003/tools/bin/../lib/gcc/arm-none-eabi/10.3.1/../../../../arm-none-eabi/lib/thumb/v7-m/nofp/crt0.o (memset)
c:/st/stm32cubeide_1.10.1/stm32cubeide/plugins/com.st.stm32cube.ide.mcu.externaltools.gnu-tools-for-stm32.10.3-2021.10.win32_1.0.200.202301161003/tools/bin/../lib/gcc/arm-none-eabi/10.3.1/../../../../arm-none-eabi/lib/thumb/v7-m/nofp\libc_nano.a(lib_a-printf.o)
                              ./user/adapter.o (printf)
c:/st/stm32cubeide_1.10.1/stm32cubeide/plugins/com.st.stm32cube.ide.mcu.externaltools.gnu-tools-for-stm32.10.3-2021.10.win32_1.0.200.202301161003/tools/bin/../lib/gcc/arm-none-eabi/10.3.1/../../../../arm-none-eabi/lib/thumb/v7-m/nofp\libc_nano.a(lib_a-putchar.o)
                              ./user/pn_serial_protocol_test.o (putchar)
c:/st/stm32cubeide_1.10.1/stm32cubeide/plugins/com.st.stm32cube.ide.mcu.externaltools.gnu-tools-for-stm32.10.3-2021.10.win32_1.0.200.202301161003/tools/bin/../lib/gcc/arm-none-eabi/10.3.1/../../../../arm-none-eabi/lib/thumb/v7-m/nofp\libc_nano.a(lib_a-vprintf.o)
                              ./user/pn_serial_protocol.o (vprintf)
c:/st/stm32cubeide_1.10.1/stm32cubeide/plugins/com.st.stm32cube.ide.mcu.externaltools.gnu-tools-for-stm32.10.3-2021.10.win32_1.0.200.202301161003/tools/bin/../lib/gcc/arm-none-eabi/10.3.1/../../../../arm-none-eabi/lib/thumb/v7-m/nofp\libc_nano.a(lib_a-findfp.o)
                              c:/st/stm32cubeide_1.10.1/stm32cubeide/plugins/com.st.stm32cube.ide.mcu.externaltools.gnu-tools-for-stm32.10.3-2021.10.win32_1.0.200.202301161003/tools/bin/../lib/gcc/arm-none-eabi/10.3.1/../../../../arm-none-eabi/lib/thumb/v7-m/nofp\libc_nano.a(lib_a-printf.o) (__sinit)
c:/st/stm32cubeide_1.10.1/stm32cubeide/plugins/com.st.stm32cube.ide.mcu.externaltools.gnu-tools-for-stm32.10.3-2021.10.win32_1.0.200.202301161003/tools/bin/../lib/gcc/arm-none-eabi/10.3.1/../../../../arm-none-eabi/lib/thumb/v7-m/nofp\libc_nano.a(lib_a-fwalk.o)
                              c:/st/stm32cubeide_1.10.1/stm32cubeide/plugins/com.st.stm32cube.ide.mcu.externaltools.gnu-tools-for-stm32.10.3-2021.10.win32_1.0.200.202301161003/tools/bin/../lib/gcc/arm-none-eabi/10.3.1/../../../../arm-none-eabi/lib/thumb/v7-m/nofp\libc_nano.a(lib_a-findfp.o) (_fwalk)
c:/st/stm32cubeide_1.10.1/stm32cubeide/plugins/com.st.stm32cube.ide.mcu.externaltools.gnu-tools-for-stm32.10.3-2021.10.win32_1.0.200.202301161003/tools/bin/../lib/gcc/arm-none-eabi/10.3.1/../../../../arm-none-eabi/lib/thumb/v7-m/nofp\libc_nano.a(lib_a-lock.o)
[...]
Memory Configuration

Name             Origin             Length             Attributes
RAM              0x0000000020000000 0x0000000000005000 xrw
FLASH            0x0000000008000000 0x0000000000010000 xr
*default*        0x0000000000000000 0xffffffffffffffff

Linker script and memory map

LOAD c:/st/stm32cubeide_1.10.1/stm32cubeide/plugins/com.st.stm32cube.ide.mcu.externaltools.gnu-tools-for-stm32.10.3-2021.10.win32_1.0.200.202301161003/tools/bin/../lib/gcc/arm-none-eabi/10.3.1/thumb/v7-m/nofp/crti.o
LOAD c:/st/stm32cubeide_1.10.1/stm32cubeide/plugins/com.st.stm32cube.ide.mcu.externaltools.gnu-tools-for-stm32.10.3-2021.10.win32_1.0.200.202301161003/tools/bin/../lib/gcc/arm-none-eabi/10.3.1/thumb/v7-m/nofp/crtbegin.o
LOAD c:/st/stm32cubeide_1.10.1/stm32cubeide/plugins/com.st.stm32cube.ide.mcu.externaltools.gnu-tools-for-stm32.10.3-2021.10.win32_1.0.200.202301161003/tools/bin/../lib/gcc/arm-none-eabi/10.3.1/../../../../arm-none-eabi/lib/thumb/v7-m/nofp/crt0.o
LOAD ./Core/Src/main.o
LOAD ./Core/Src/stm32f1xx_hal_msp.o
LOAD ./Core/Src/stm32f1xx_it.o
LOAD ./Core/Src/syscalls.o
LOAD ./Core/Src/sysmem.o
LOAD ./Core/Src/system_stm32f1xx.o
LOAD ./Core/Startup/startup_stm32f103c8tx.o
LOAD ./Drivers/STM32F1xx_HAL_Driver/Src/stm32f1xx_hal.o
LOAD ./Drivers/STM32F1xx_HAL_Driver/Src/stm32f1xx_hal_cortex.o
LOAD ./Drivers/STM32F1xx_HAL_Driver/Src/stm32f1xx_hal_crc.o
LOAD ./Drivers/STM32F1xx_HAL_Driver/Src/stm32f1xx_hal_dma.o
LOAD ./Drivers/STM32F1xx_HAL_Driver/Src/stm32f1xx_hal_exti.o
LOAD ./Drivers/STM32F1xx_HAL_Driver/Src/stm32f1xx_hal_flash.o
LOAD ./Drivers/STM32F1xx_HAL_Driver/Src/stm32f1xx_hal_flash_ex.o
LOAD ./Drivers/STM32F1xx_HAL_Driver/Src/stm32f1xx_hal_gpio.o
LOAD ./Drivers/STM32F1xx_HAL_Driver/Src/stm32f1xx_hal_gpio_ex.o
LOAD ./Drivers/STM32F1xx_HAL_Driver/Src/stm32f1xx_hal_pwr.o
LOAD ./Drivers/STM32F1xx_HAL_Driver/Src/stm32f1xx_hal_rcc.o
LOAD ./Drivers/STM32F1xx_HAL_Driver/Src/stm32f1xx_hal_rcc_ex.o
LOAD ./Drivers/STM32F1xx_HAL_Driver/Src/stm32f1xx_hal_uart.o
LOAD ./user/adapter.o
LOAD ./user/pn_serial_protocol.o
LOAD ./user/pn_serial_protocol_test.o
LOAD ./user/uart.o
START GROUP
LOAD c:/st/stm32cubeide_1.10.1/stm32cubeide/plugins/com.st.stm32cube.ide.mcu.externaltools.gnu-tools-for-stm32.10.3-2021.10.win32_1.0.200.202301161003/tools/bin/../lib/gcc/arm-none-eabi/10.3.1/../../../../arm-none-eabi/lib/thumb/v7-m/nofp\libc_nano.a
LOAD c:/st/stm32cubeide_1.10.1/stm32cubeide/plugins/com.st.stm32cube.ide.mcu.externaltools.gnu-tools-for-stm32.10.3-2021.10.win32_1.0.200.202301161003/tools/bin/../lib/gcc/arm-none-eabi/10.3.1/../../../../arm-none-eabi/lib/thumb/v7-m/nofp\libm.a
END GROUP
START GROUP
LOAD c:/st/stm32cubeide_1.10.1/stm32cubeide/plugins/com.st.stm32cube.ide.mcu.externaltools.gnu-tools-for-stm32.10.3-2021.10.win32_1.0.200.202301161003/tools/bin/../lib/gcc/arm-none-eabi/10.3.1/thumb/v7-m/nofp\libgcc.a
LOAD c:/st/stm32cubeide_1.10.1/stm32cubeide/plugins/com.st.stm32cube.ide.mcu.externaltools.gnu-tools-for-stm32.10.3-2021.10.win32_1.0.200.202301161003/tools/bin/../lib/gcc/arm-none-eabi/10.3.1/../../../../arm-none-eabi/lib/thumb/v7-m/nofp\libc_nano.a
END GROUP
START GROUP
LOAD c:/st/stm32cubeide_1.10.1/stm32cubeide/plugins/com.st.stm32cube.ide.mcu.externaltools.gnu-tools-for-stm32.10.3-2021.10.win32_1.0.200.202301161003/tools/bin/../lib/gcc/arm-none-eabi/10.3.1/thumb/v7-m/nofp\libgcc.a
LOAD c:/st/stm32cubeide_1.10.1/stm32cubeide/plugins/com.st.stm32cube.ide.mcu.externaltools.gnu-tools-for-stm32.10.3-2021.10.win32_1.0.200.202301161003/tools/bin/../lib/gcc/arm-none-eabi/10.3.1/../../../../arm-none-eabi/lib/thumb/v7-m/nofp\libc_nano.a
LOAD c:/st/stm32cubeide_1.10.1/stm32cubeide/plugins/com.st.stm32cube.ide.mcu.externaltools.gnu-tools-for-stm32.10.3-2021.10.win32_1.0.200.202301161003/tools/bin/../lib/gcc/arm-none-eabi/10.3.1/../../../../arm-none-eabi/lib/thumb/v7-m/nofp\libnosys.a
END GROUP
START GROUP
LOAD c:/st/stm32cubeide_1.10.1/stm32cubeide/plugins/com.st.stm32cube.ide.mcu.externaltools.gnu-tools-for-stm32.10.3-2021.10.win32_1.0.200.202301161003/tools/bin/../lib/gcc/arm-none-eabi/10.3.1/thumb/v7-m/nofp\libgcc.a
LOAD c:/st/stm32cubeide_1.10.1/stm32cubeide/plugins/com.st.stm32cube.ide.mcu.externaltools.gnu-tools-for-stm32.10.3-2021.10.win32_1.0.200.202301161003/tools/bin/../lib/gcc/arm-none-eabi/10.3.1/../../../../arm-none-eabi/lib/thumb/v7-m/nofp\libc_nano.a
LOAD c:/st/stm32cubeide_1.10.1/stm32cubeide/plugins/com.st.stm32cube.ide.mcu.externaltools.gnu-tools-for-stm32.10.3-2021.10.win32_1.0.200.202301161003/tools/bin/../lib/gcc/arm-none-eabi/10.3.1/../../../../arm-none-eabi/lib/thumb/v7-m/nofp\libnosys.a
END GROUP
LOAD c:/st/stm32cubeide_1.10.1/stm32cubeide/plugins/com.st.stm32cube.ide.mcu.externaltools.gnu-tools-for-stm32.10.3-2021.10.win32_1.0.200.202301161003/tools/bin/../lib/gcc/arm-none-eabi/10.3.1/thumb/v7-m/nofp/crtend.o
LOAD c:/st/stm32cubeide_1.10.1/stm32cubeide/plugins/com.st.stm32cube.ide.mcu.externaltools.gnu-tools-for-stm32.10.3-2021.10.win32_1.0.200.202301161003/tools/bin/../lib/gcc/arm-none-eabi/10.3.1/thumb/v7-m/nofp/crtn.o
                0x0000000020005000                _estack = (ORIGIN (RAM) + LENGTH (RAM))
                0x0000000000000200                _Min_Heap_Size = 0x200
                0x0000000000000400                _Min_Stack_Size = 0x400

.isr_vector     0x0000000008000000      0x10c
                0x0000000008000000                . = ALIGN (0x4)
 *(.isr_vector)
 .isr_vector    0x0000000008000000      0x10c ./Core/Startup/startup_stm32f103c8tx.o
                0x0000000008000000                g_pfnVectors
                0x000000000800010c                . = ALIGN (0x4)

.text           0x000000000800010c     0x412c
                0x000000000800010c                . = ALIGN (0x4)
 *(.text)
 .text          0x000000000800010c       0x40 c:/st/stm32cubeide_1.10.1/stm32cubeide/plugins/com.st.stm32cube.ide.mcu.externaltools.gnu-tools-for-stm32.10.3-2021.10.win32_1.0.200.202301161003/tools/bin/../lib/gcc/arm-none-eabi/10.3.1/thumb/v7-m/nofp/crtbegin.o
 *(.text*)
 .text.main     0x000000000800014c       0x2a ./Core/Src/main.o
                0x000000000800014c                main
 .text.SystemClock_Config
                0x0000000008000176       0x8a ./Core/Src/main.o
                0x0000000008000176                SystemClock_Config
 .text.MX_CRC_Init
                0x0000000008000200       0x28 ./Core/Src/main.o
 .text.MX_USART1_UART_Init
                0x0000000008000228       0x54 ./Core/Src/main.o
 .text.MX_USART2_UART_Init
                0x000000000800027c       0x54 ./Core/Src/main.o
 .text.MX_DMA_Init
                0x00000000080002d0       0x3c ./Core/Src/main.o
 .text.MX_GPIO_Init
                0x000000000800030c       0x44 ./Core/Src/main.o
 .text._write   0x0000000008000350       0x2c ./Core/Src/main.o
                0x0000000008000350                _write
 .text.Error_Handler
                0x000000000800037c        0xa ./Core/Src/main.o
                0x000000000800037c                Error_Handler
 *fill*         0x0000000008000386        0x2 
 .text.HAL_MspInit
                0x0000000008000388       0x44 ./Core/Src/stm32f1xx_hal_msp.o
                0x0000000008000388                HAL_MspInit
 .text.HAL_CRC_MspInit
                0x00000000080003cc       0x3c ./Core/Src/stm32f1xx_hal_msp.o
                0x00000000080003cc                HAL_CRC_MspInit
 .text.HAL_UART_MspInit
                0x0000000008000408      0x144 ./Core/Src/stm32f1xx_hal_msp.o
                0x0000000008000408                HAL_UART_MspInit
 .text.NMI_Handler
                0x000000000800054c        0x6 ./Core/Src/stm32f1xx_it.o
                0x000000000800054c                NMI_Handler
 .text.HardFault_Handler
                0x0000000008000552        0x6 ./Core/Src/stm32f1xx_it.o
                0x0000000008000552                HardFault_Handler
 .text.MemManage_Handler
                0x0000000008000558        0x6 ./Core/Src/stm32f1xx_it.o
                0x0000000008000558                MemManage_Handler
 .text.BusFault_Handler
                0x000000000800055e        0x6 ./Core/Src/stm32f1xx_it.o
                0x000000000800055e                BusFault_Handler
 .text.UsageFault_Handler
                0x0000000008000564        0x6 ./Core/Src/stm32f1xx_it.o
                0x0000000008000564                UsageFault_Handler
 .text.SVC_Handler
                0x000000000800056a        0xc ./Core/Src/stm32f1xx_it.o
                0x000000000800056a                SVC_Handler
 .text.DebugMon_Handler
                0x0000000008000576        0xc ./Core/Src/stm32f1xx_it.o
                0x0000000008000576                DebugMon_Handler
 .text.PendSV_Handler
                0x0000000008000582        0xc ./Core/Src/stm32f1xx_it.o
                0x0000000008000582                PendSV_Handler
 .text.SysTick_Handler
                0x000000000800058e        0xc ./Core/Src/stm32f1xx_it.o
                0x000000000800058e                SysTick_Handler
 *fill*         0x000000000800059a        0x2 
 .text.DMA1_Channel5_IRQHandler
                0x000000000800059c       0x14 ./Core/Src/stm32f1xx_it.o
                0x000000000800059c                DMA1_Channel5_IRQHandler
 .text._read    0x00000000080005b0       0x3a ./Core/Src/syscalls.o
                0x00000000080005b0                _read
 .text._close   0x00000000080005ea       0x16 ./Core/Src/syscalls.o
                0x00000000080005ea                _close
 .text._fstat   0x0000000008000600       0x1e ./Core/Src/syscalls.o
                0x0000000008000600                _fstat
 .text._isatty  0x000000000800061e       0x14 ./Core/Src/syscalls.o
                0x000000000800061e                _isatty
 .text._lseek   0x0000000008000632       0x18 ./Core/Src/syscalls.o
                0x0000000008000632                _lseek
 *fill*         0x000000000800064a        0x2 
 .text._sbrk    0x000000000800064c       0x6c ./Core/Src/sysmem.o
                0x000000000800064c                _sbrk
 .text.SystemInit
                0x00000000080006b8        0xc ./Core/Src/system_stm32f1xx.o
                0x00000000080006b8                SystemInit
 .text.Reset_Handler
                0x00000000080006c4       0x48 ./Core/Startup/startup_stm32f103c8tx.o
                0x00000000080006c4                Reset_Handler
 .text.Default_Handler
                0x000000000800070c        0x2 ./Core/Startup/startup_stm32f103c8tx.o
                0x000000000800070c                RTC_Alarm_IRQHandler
                0x000000000800070c                EXTI2_IRQHandler
                0x000000000800070c                TIM1_CC_IRQHandler
                0x000000000800070c                PVD_IRQHandler
                0x000000000800070c                EXTI3_IRQHandler
                0x000000000800070c                EXTI0_IRQHandler
                0x000000000800070c                I2C2_EV_IRQHandler
                0x000000000800070c                ADC1_2_IRQHandler
                0x000000000800070c                SPI1_IRQHandler
                0x000000000800070c                TAMPER_IRQHandler
                0x000000000800070c                DMA1_Channel4_IRQHandler
                0x000000000800070c                USART3_IRQHandler
                0x000000000800070c                RTC_IRQHandler
                0x000000000800070c                DMA1_Channel7_IRQHandler
                0x000000000800070c                CAN1_RX1_IRQHandler
                0x000000000800070c                TIM4_IRQHandler
                0x000000000800070c                I2C1_EV_IRQHandler
                0x000000000800070c                DMA1_Channel6_IRQHandler
                0x000000000800070c                TIM3_IRQHandler
                0x000000000800070c                RCC_IRQHandler
                0x000000000800070c                TIM1_TRG_COM_IRQHandler
                0x000000000800070c                DMA1_Channel1_IRQHandler
                0x000000000800070c                Default_Handler
                0x000000000800070c                EXTI15_10_IRQHandler
                0x000000000800070c                EXTI9_5_IRQHandler
                0x000000000800070c                SPI2_IRQHandler
                0x000000000800070c                EXTI4_IRQHandler
                0x000000000800070c                USB_LP_CAN1_RX0_IRQHandler
                0x000000000800070c                USB_HP_CAN1_TX_IRQHandler
                0x000000000800070c                DMA1_Channel3_IRQHandler
                0x000000000800070c                TIM1_UP_IRQHandler
                0x000000000800070c                WWDG_IRQHandler
                0x000000000800070c                TIM2_IRQHandler
                0x000000000800070c                TIM1_BRK_IRQHandler
                0x000000000800070c                EXTI1_IRQHandler
                0x000000000800070c                USART2_IRQHandler
                0x000000000800070c                I2C2_ER_IRQHandler
                0x000000000800070c                DMA1_Channel2_IRQHandler
                0x000000000800070c                CAN1_SCE_IRQHandler
                0x000000000800070c                FLASH_IRQHandler
                0x000000000800070c                USART1_IRQHandler
                0x000000000800070c                I2C1_ER_IRQHandler
                0x000000000800070c                USBWakeUp_IRQHandler
 *fill*         0x000000000800070e        0x2 
 .text.HAL_Init
                0x0000000008000710       0x2c ./Drivers/STM32F1xx_HAL_Driver/Src/stm32f1xx_hal.o
                0x0000000008000710                HAL_Init
 .text.HAL_InitTick
                0x000000000800073c       0x60 ./Drivers/STM32F1xx_HAL_Driver/Src/stm32f1xx_hal.o
                0x000000000800073c                HAL_InitTick
 .text.HAL_IncTick
                0x000000000800079c       0x24 ./Drivers/STM32F1xx_HAL_Driver/Src/stm32f1xx_hal.o
                0x000000000800079c                HAL_IncTick
 .text.HAL_GetTick
                0x00000000080007c0       0x14 ./Drivers/STM32F1xx_HAL_Driver/Src/stm32f1xx_hal.o
                0x00000000080007c0                HAL_GetTick
 .text.__NVIC_SetPriorityGrouping
                0x00000000080007d4       0x48 ./Drivers/STM32F1xx_HAL_Driver/Src/stm32f1xx_hal_cortex.o
 .text.__NVIC_GetPriorityGrouping
                0x000000000800081c       0x1c ./Drivers/STM32F1xx_HAL_Driver/Src/stm32f1xx_hal_cortex.o
 .text.__NVIC_EnableIRQ
                0x0000000008000838       0x38 ./Drivers/STM32F1xx_HAL_Driver/Src/stm32f1xx_hal_cortex.o
 .text.__NVIC_SetPriority
                0x0000000008000870       0x54 ./Drivers/STM32F1xx_HAL_Driver/Src/stm32f1xx_hal_cortex.o
 .text.NVIC_EncodePriority
                0x00000000080008c4       0x64 ./Drivers/STM32F1xx_HAL_Driver/Src/stm32f1xx_hal_cortex.o
 .text.SysTick_Config
                0x0000000008000928       0x44 ./Drivers/STM32F1xx_HAL_Driver/Src/stm32f1xx_hal_cortex.o
 .text.HAL_NVIC_SetPriorityGrouping
                0x000000000800096c       0x16 ./Drivers/STM32F1xx_HAL_Driver/Src/stm32f1xx_hal_cortex.o
                0x000000000800096c                HAL_NVIC_SetPriorityGrouping
 .text.HAL_NVIC_SetPriority
                0x0000000008000982       0x38 ./Drivers/STM32F1xx_HAL_Driver/Src/stm32f1xx_hal_cortex.o
                0x0000000008000982                HAL_NVIC_SetPriority
 .text.HAL_NVIC_EnableIRQ
                0x00000000080009ba       0x1c ./Drivers/STM32F1xx_HAL_Driver/Src/stm32f1xx_hal_cortex.o
                0x00000000080009ba                HAL_NVIC_EnableIRQ
 .text.HAL_SYSTICK_Config
                0x00000000080009d6       0x18 ./Drivers/STM32F1xx_HAL_Driver/Src/stm32f1xx_hal_cortex.o
                0x00000000080009d6                HAL_SYSTICK_Config
 .text.HAL_CRC_Init
                0x00000000080009ee       0x38 ./Drivers/STM32F1xx_HAL_Driver/Src/stm32f1xx_hal_crc.o
                0x00000000080009ee                HAL_CRC_Init
 .text.HAL_CRC_Calculate
                0x0000000008000a26       0x64 ./Drivers/STM32F1xx_HAL_Driver/Src/stm32f1xx_hal_crc.o
                0x0000000008000a26                HAL_CRC_Calculate
 *fill*         0x0000000008000a8a        0x2 
 .text.HAL_DMA_Init
                0x0000000008000a8c       0xb4 ./Drivers/STM32F1xx_HAL_Driver/Src/stm32f1xx_hal_dma.o
                0x0000000008000a8c                HAL_DMA_Init
 .text.HAL_DMA_Start_IT
                0x0000000008000b40       0xbe ./Drivers/STM32F1xx_HAL_Driver/Src/stm32f1xx_hal_dma.o
                0x0000000008000b40                HAL_DMA_Start_IT
 .text.HAL_DMA_Abort
                0x0000000008000bfe       0x74 ./Drivers/STM32F1xx_HAL_Driver/Src/stm32f1xx_hal_dma.o
                0x0000000008000bfe                HAL_DMA_Abort
 *fill*         0x0000000008000c72        0x2 
 .text.HAL_DMA_IRQHandler
                0x0000000008000c74      0x20c ./Drivers/STM32F1xx_HAL_Driver/Src/stm32f1xx_hal_dma.o
                0x0000000008000c74                HAL_DMA_IRQHandler
 .text.DMA_SetConfig
                0x0000000008000e80       0x5a ./Drivers/STM32F1xx_HAL_Driver/Src/stm32f1xx_hal_dma.o
 *fill*         0x0000000008000eda        0x2 
 .text.HAL_GPIO_Init
                0x0000000008000edc      0x308 ./Drivers/STM32F1xx_HAL_Driver/Src/stm32f1xx_hal_gpio.o
                0x0000000008000edc                HAL_GPIO_Init
 .text.HAL_RCC_OscConfig
                0x00000000080011e4      0x504 ./Drivers/STM32F1xx_HAL_Driver/Src/stm32f1xx_hal_rcc.o
                0x00000000080011e4                HAL_RCC_OscConfig
 .text.HAL_RCC_ClockConfig
                0x00000000080016e8      0x1d4 ./Drivers/STM32F1xx_HAL_Driver/Src/stm32f1xx_hal_rcc.o
                0x00000000080016e8                HAL_RCC_ClockConfig
 .text.HAL_RCC_GetSysClockFreq
                0x00000000080018bc       0xbc ./Drivers/STM32F1xx_HAL_Driver/Src/stm32f1xx_hal_rcc.o
                0x00000000080018bc                HAL_RCC_GetSysClockFreq
 .text.HAL_RCC_GetHCLKFreq
                0x0000000008001978       0x14 ./Drivers/STM32F1xx_HAL_Driver/Src/stm32f1xx_hal_rcc.o
                0x0000000008001978                HAL_RCC_GetHCLKFreq
 .text.HAL_RCC_GetPCLK1Freq
                0x000000000800198c       0x28 ./Drivers/STM32F1xx_HAL_Driver/Src/stm32f1xx_hal_rcc.o
                0x000000000800198c                HAL_RCC_GetPCLK1Freq
 .text.HAL_RCC_GetPCLK2Freq
                0x00000000080019b4       0x28 ./Drivers/STM32F1xx_HAL_Driver/Src/stm32f1xx_hal_rcc.o
                0x00000000080019b4                HAL_RCC_GetPCLK2Freq
 .text.RCC_Delay
                0x00000000080019dc       0x3c ./Drivers/STM32F1xx_HAL_Driver/Src/stm32f1xx_hal_rcc.o
 .text.HAL_UART_Init
                0x0000000008001a18       0x9a ./Drivers/STM32F1xx_HAL_Driver/Src/stm32f1xx_hal_uart.o
                0x0000000008001a18                HAL_UART_Init
 .text.HAL_HalfDuplex_Init
                0x0000000008001ab2       0xaa ./Drivers/STM32F1xx_HAL_Driver/Src/stm32f1xx_hal_uart.o
                0x0000000008001ab2                HAL_HalfDuplex_Init
 .text.HAL_UART_Transmit
                0x0000000008001b5c      0x124 ./Drivers/STM32F1xx_HAL_Driver/Src/stm32f1xx_hal_uart.o
                0x0000000008001b5c                HAL_UART_Transmit
 .text.HAL_UART_Receive
                0x0000000008001c80      0x144 ./Drivers/STM32F1xx_HAL_Driver/Src/stm32f1xx_hal_uart.o
                0x0000000008001c80                HAL_UART_Receive
 .text.HAL_UART_Receive_DMA
                0x0000000008001dc4       0x60 ./Drivers/STM32F1xx_HAL_Driver/Src/stm32f1xx_hal_uart.o
                0x0000000008001dc4                HAL_UART_Receive_DMA
 .text.HAL_UART_DMAStop
                0x0000000008001e24       0xb6 ./Drivers/STM32F1xx_HAL_Driver/Src/stm32f1xx_hal_uart.o
                0x0000000008001e24                HAL_UART_DMAStop
 .text.HAL_UART_RxHalfCpltCallback
                0x0000000008001eda       0x12 ./Drivers/STM32F1xx_HAL_Driver/Src/stm32f1xx_hal_uart.o
                0x0000000008001eda                HAL_UART_RxHalfCpltCallback
 .text.HAL_UART_ErrorCallback
                0x0000000008001eec       0x12 ./Drivers/STM32F1xx_HAL_Driver/Src/stm32f1xx_hal_uart.o
                0x0000000008001eec                HAL_UART_ErrorCallback
 .text.HAL_UARTEx_RxEventCallback
                0x0000000008001efe       0x16 ./Drivers/STM32F1xx_HAL_Driver/Src/stm32f1xx_hal_uart.o
                0x0000000008001efe                HAL_UARTEx_RxEventCallback
 .text.UART_DMAReceiveCplt
                0x0000000008001f14       0x96 ./Drivers/STM32F1xx_HAL_Driver/Src/stm32f1xx_hal_uart.o
 .text.UART_DMARxHalfCplt
                0x0000000008001faa       0x36 ./Drivers/STM32F1xx_HAL_Driver/Src/stm32f1xx_hal_uart.o
 .text.UART_DMAError
                0x0000000008001fe0       0x94 ./Drivers/STM32F1xx_HAL_Driver/Src/stm32f1xx_hal_uart.o
 .text.UART_WaitOnFlagUntilTimeout
                0x0000000008002074       0x94 ./Drivers/STM32F1xx_HAL_Driver/Src/stm32f1xx_hal_uart.o
 .text.UART_Start_Receive_DMA
                0x0000000008002108       0xc8 ./Drivers/STM32F1xx_HAL_Driver/Src/stm32f1xx_hal_uart.o
                0x0000000008002108                UART_Start_Receive_DMA
 .text.UART_EndTxTransfer
                0x00000000080021d0       0x2a ./Drivers/STM32F1xx_HAL_Driver/Src/stm32f1xx_hal_uart.o
 .text.UART_EndRxTransfer
                0x00000000080021fa       0x58 ./Drivers/STM32F1xx_HAL_Driver/Src/stm32f1xx_hal_uart.o
 *fill*         0x0000000008002252        0x2 
 .text.UART_SetConfig
                0x0000000008002254      0x11c ./Drivers/STM32F1xx_HAL_Driver/Src/stm32f1xx_hal_uart.o
 .text.console  0x0000000008002370       0x20 ./user/adapter.o
 .text.receive  0x0000000008002390       0x34 ./user/adapter.o
                0x0000000008002390                receive
 .text.init     0x00000000080023c4       0x30 ./user/adapter.o
                0x00000000080023c4                init
 .text.loop     0x00000000080023f4        0xc ./user/adapter.o
                0x00000000080023f4                loop
 .text.receiveThreadDebug
                0x0000000008002400       0x12 ./user/pn_serial_protocol.o
 *fill*         0x0000000008002412        0x2 
 .text.console  0x0000000008002414       0x7c ./user/pn_serial_protocol.o
 .text.sendAndack
                0x0000000008002490       0xc4 ./user/pn_serial_protocol.o
 .text.startReceiving
                0x0000000008002554       0x44 ./user/pn_serial_protocol.o
 .text.receiveThread
                0x0000000008002598      0x3a0 ./user/pn_serial_protocol.o
 .text.startSending
                0x0000000008002938       0x20 ./user/pn_serial_protocol.o
 .text.sendThread
                0x0000000008002958      0x230 ./user/pn_serial_protocol.o
 .text.init     0x0000000008002b88       0x38 ./user/pn_serial_protocol.o
 .text.transmit
                0x0000000008002bc0       0x98 ./user/pn_serial_protocol.o
 .text.receiveRxCpltCallback
                0x0000000008002c58       0x20 ./user/pn_serial_protocol.o
 .text.loop     0x0000000008002c78       0x98 ./user/pn_serial_protocol.o
 .text.HAL_UART_RxCpltCallback
                0x0000000008002d10       0x1c ./user/pn_serial_protocol_test.o
                0x0000000008002d10                HAL_UART_RxCpltCallback
 .text.console  0x0000000008002d2c       0x7c ./user/uart.o
 .text.sendAndack
                0x0000000008002da8       0xc4 ./user/uart.o
 .text.startReceiving
                0x0000000008002e6c       0x44 ./user/uart.o
 .text.startSending
                0x0000000008002eb0       0x20 ./user/uart.o
 .text.sendThread
                0x0000000008002ed0      0x230 ./user/uart.o
 .text.uart_init
                0x0000000008003100       0x38 ./user/uart.o
                0x0000000008003100                uart_init
 .text.uart_transmit
                0x0000000008003138       0x98 ./user/uart.o
                0x0000000008003138                uart_transmit
 .text.uart_loop
                0x00000000080031d0       0x98 ./user/uart.o
                0x00000000080031d0                uart_loop
 .text.__errno  0x0000000008003268        0xc c:/st/stm32cubeide_1.10.1/stm32cubeide/plugins/com.st.stm32cube.ide.mcu.externaltools.gnu-tools-for-stm32.10.3-2021.10.win32_1.0.200.202301161003/tools/bin/../lib/gcc/arm-none-eabi/10.3.1/../../../../arm-none-eabi/lib/thumb/v7-m/nofp\libc_nano.a(lib_a-errno.o)
                0x0000000008003268                __errno
 .text.__libc_init_array
                0x0000000008003274       0x48 c:/st/stm32cubeide_1.10.1/stm32cubeide/plugins/com.st.stm32cube.ide.mcu.externaltools.gnu-tools-for-stm32.10.3-2021.10.win32_1.0.200.202301161003/tools/bin/../lib/gcc/arm-none-eabi/10.3.1/../../../../arm-none-eabi/lib/thumb/v7-m/nofp\libc_nano.a(lib_a-init.o)
                0x0000000008003274                __libc_init_array
 .text.memset   0x00000000080032bc       0x10 c:/st/stm32cubeide_1.10.1/stm32cubeide/plugins/com.st.stm32cube.ide.mcu.externaltools.gnu-tools-for-stm32.10.3-2021.10.win32_1.0.200.202301161003/tools/bin/../lib/gcc/arm-none-eabi/10.3.1/../../../../arm-none-eabi/lib/thumb/v7-m/nofp\libc_nano.a(lib_a-memset.o)
                0x00000000080032bc                memset
 .text.printf   0x00000000080032cc       0x30 c:/st/stm32cubeide_1.10.1/stm32cubeide/plugins/com.st.stm32cube.ide.mcu.externaltools.gnu-tools-for-stm32.10.3-2021.10.win32_1.0.200.202301161003/tools/bin/../lib/gcc/arm-none-eabi/10.3.1/../../../../arm-none-eabi/lib/thumb/v7-m/nofp\libc_nano.a(lib_a-printf.o)
                0x00000000080032cc                iprintf
                0x00000000080032cc                printf
 .text.vprintf  0x00000000080032fc       0x2c c:/st/stm32cubeide_1.10.1/stm32cubeide/plugins/com.st.stm32cube.ide.mcu.externaltools.gnu-tools-for-stm32.10.3-2021.10.win32_1.0.200.202301161003/tools/bin/../lib/gcc/arm-none-eabi/10.3.1/../../../../arm-none-eabi/lib/thumb/v7-m/nofp\libc_nano.a(lib_a-vprintf.o)
                0x00000000080032fc                viprintf
                0x00000000080032fc                vprintf
 .text.std      0x0000000008003328       0x48 c:/st/stm32cubeide_1.10.1/stm32cubeide/plugins/com.st.stm32cube.ide.mcu.externaltools.gnu-tools-for-stm32.10.3-2021.10.win32_1.0.200.202301161003/tools/bin/../lib/gcc/arm-none-eabi/10.3.1/../../../../arm-none-eabi/lib/thumb/v7-m/nofp\libc_nano.a(lib_a-findfp.o)
 .text._cleanup_r
                0x0000000008003370        0xc c:/st/stm32cubeide_1.10.1/stm32cubeide/plugins/com.st.stm32cube.ide.mcu.externaltools.gnu-tools-for-stm32.10.3-2021.10.win32_1.0.200.202301161003/tools/bin/../lib/gcc/arm-none-eabi/10.3.1/../../../../arm-none-eabi/lib/thumb/v7-m/nofp\libc_nano.a(lib_a-findfp.o)
                0x0000000008003370                _cleanup_r
 .text.__sfmoreglue
                0x000000000800337c       0x2c c:/st/stm32cubeide_1.10.1/stm32cubeide/plugins/com.st.stm32cube.ide.mcu.externaltools.gnu-tools-for-stm32.10.3-2021.10.win32_1.0.200.202301161003/tools/bin/../lib/gcc/arm-none-eabi/10.3.1/../../../../arm-none-eabi/lib/thumb/v7-m/nofp\libc_nano.a(lib_a-findfp.o)
                0x000000000800337c                __sfmoreglue
 .text.__sfp_lock_acquire
                0x00000000080033a8        0xc c:/st/stm32cubeide_1.10.1/stm32cubeide/plugins/com.st.stm32cube.ide.mcu.externaltools.gnu-tools-for-stm32.10.3-2021.10.win32_1.0.200.202301161003/tools/bin/../lib/gcc/arm-none-eabi/10.3.1/../../../../arm-none-eabi/lib/thumb/v7-m/nofp\libc_nano.a(lib_a-findfp.o)
                0x00000000080033a8                __sfp_lock_acquire
 .text.__sfp_lock_release
                0x00000000080033b4        0xc c:/st/stm32cubeide_1.10.1/stm32cubeide/plugins/com.st.stm32cube.ide.mcu.externaltools.gnu-tools-for-stm32.10.3-2021.10.win32_1.0.200.202301161003/tools/bin/../lib/gcc/arm-none-eabi/10.3.1/../../../../arm-none-eabi/lib/thumb/v7-m/nofp\libc_nano.a(lib_a-findfp.o)
                0x00000000080033b4                __sfp_lock_release
 .text.__sinit_lock_acquire
                0x00000000080033c0        0xc c:/st/stm32cubeide_1.10.1/stm32cubeide/plugins/com.st.stm32cube.ide.mcu.externaltools.gnu-tools-for-stm32.10.3-2021.10.win32_1.0.200.202301161003/tools/bin/../lib/gcc/arm-none-eabi/10.3.1/../../../../arm-none-eabi/lib/thumb/v7-m/nofp\libc_nano.a(lib_a-findfp.o)
                0x00000000080033c0                __sinit_lock_acquire
 .text.__sinit_lock_release
                0x00000000080033cc        0xc c:/st/stm32cubeide_1.10.1/stm32cubeide/plugins/com.st.stm32cube.ide.mcu.externaltools.gnu-tools-for-stm32.10.3-2021.10.win32_1.0.200.202301161003/tools/bin/../lib/gcc/arm-none-eabi/10.3.1/../../../../arm-none-eabi/lib/thumb/v7-m/nofp\libc_nano.a(lib_a-findfp.o)
                0x00000000080033cc                __sinit_lock_release
 .text.__sinit  0x00000000080033d8       0x70 c:/st/stm32cubeide_1.10.1/stm32cubeide/plugins/com.st.stm32cube.ide.mcu.externaltools.gnu-tools-for-stm32.10.3-2021.10.win32_1.0.200.202301161003/tools/bin/../lib/gcc/arm-none-eabi/10.3.1/../../../../arm-none-eabi/lib/thumb/v7-m/nofp\libc_nano.a(lib_a-findfp.o)
                0x00000000080033d8                __sinit
 .text.__sfp    0x0000000008003448       0x8c c:/st/stm32cubeide_1.10.1/stm32cubeide/plugins/com.st.stm32cube.ide.mcu.externaltools.gnu-tools-for-stm32.10.3-2021.10.win32_1.0.200.202301161003/tools/bin/../lib/gcc/arm-none-eabi/10.3.1/../../../../arm-none-eabi/lib/thumb/v7-m/nofp\libc_nano.a(lib_a-findfp.o)
                0x0000000008003448                __sfp
 .text._fwalk_reent
                0x00000000080034d4       0x3e c:/st/stm32cubeide_1.10.1/stm32cubeide/plugins/com.st.stm32cube.ide.mcu.externaltools.gnu-tools-for-stm32.10.3-2021.10.win32_1.0.200.202301161003/tools/bin/../lib/gcc/arm-none-eabi/10.3.1/../../../../arm-none-eabi/lib/thumb/v7-m/nofp\libc_nano.a(lib_a-fwalk.o)
                0x00000000080034d4                _fwalk_reent
 .text.__retarget_lock_init_recursive
                0x0000000008003512        0x2 c:/st/stm32cubeide_1.10.1/stm32cubeide/plugins/com.st.stm32cube.ide.mcu.externaltools.gnu-tools-for-stm32.10.3-2021.10.win32_1.0.200.202301161003/tools/bin/../lib/gcc/arm-none-eabi/10.3.1/../../../../arm-none-eabi/lib/thumb/v7-m/nofp\libc_nano.a(lib_a-lock.o)
                0x0000000008003512                __retarget_lock_init_recursive
 .text.__retarget_lock_acquire_recursive
                0x0000000008003514        0x2 c:/st/stm32cubeide_1.10.1/stm32cubeide/plugins/com.st.stm32cube.ide.mcu.externaltools.gnu-tools-for-stm32.10.3-2021.10.win32_1.0.200.202301161003/tools/bin/../lib/gcc/arm-none-eabi/10.3.1/../../../../arm-none-eabi/lib/thumb/v7-m/nofp\libc_nano.a(lib_a-lock.o)
                0x0000000008003514                __retarget_lock_acquire_recursive
 .text.__retarget_lock_release_recursive
                0x0000000008003516        0x2 c:/st/stm32cubeide_1.10.1/stm32cubeide/plugins/com.st.stm32cube.ide.mcu.externaltools.gnu-tools-for-stm32.10.3-2021.10.win32_1.0.200.202301161003/tools/bin/../lib/gcc/arm-none-eabi/10.3.1/../../../../arm-none-eabi/lib/thumb/v7-m/nofp\libc_nano.a(lib_a-lock.o)
                0x0000000008003516                __retarget_lock_release_recursive
 .text.sbrk_aligned
                0x0000000008003518       0x40 c:/st/stm32cubeide_1.10.1/stm32cubeide/plugins/com.st.stm32cube.ide.mcu.externaltools.gnu-tools-for-stm32.10.3-2021.10.win32_1.0.200.202301161003/tools/bin/../lib/gcc/arm-none-eabi/10.3.1/../../../../arm-none-eabi/lib/thumb/v7-m/nofp\libc_nano.a(lib_a-nano-mallocr.o)
 .text._malloc_r
                0x0000000008003558       0xe8 c:/st/stm32cubeide_1.10.1/stm32cubeide/plugins/com.st.stm32cube.ide.mcu.externaltools.gnu-tools-for-stm32.10.3-2021.10.win32_1.0.200.202301161003/tools/bin/../lib/gcc/arm-none-eabi/10.3.1/../../../../arm-none-eabi/lib/thumb/v7-m/nofp\libc_nano.a(lib_a-nano-mallocr.o)
                0x0000000008003558                _malloc_r
 .text.__sfputc_r
                0x0000000008003640       0x2a c:/st/stm32cubeide_1.10.1/stm32cubeide/plugins/com.st.stm32cube.ide.mcu.externaltools.gnu-tools-for-stm32.10.3-2021.10.win32_1.0.200.202301161003/tools/bin/../lib/gcc/arm-none-eabi/10.3.1/../../../../arm-none-eabi/lib/thumb/v7-m/nofp\libc_nano.a(lib_a-nano-vfprintf.o)
 .text.__sfputs_r
                0x000000000800366a       0x24 c:/st/stm32cubeide_1.10.1/stm32cubeide/plugins/com.st.stm32cube.ide.mcu.externaltools.gnu-tools-for-stm32.10.3-2021.10.win32_1.0.200.202301161003/tools/bin/../lib/gcc/arm-none-eabi/10.3.1/../../../../arm-none-eabi/lib/thumb/v7-m/nofp\libc_nano.a(lib_a-nano-vfprintf.o)
                0x000000000800366a                __sfputs_r
 *fill*         0x000000000800368e        0x2 
 .text._vfprintf_r
                0x0000000008003690      0x260 c:/st/stm32cubeide_1.10.1/stm32cubeide/plugins/com.st.stm32cube.ide.mcu.externaltools.gnu-tools-for-stm32.10.3-2021.10.win32_1.0.200.202301161003/tools/bin/../lib/gcc/arm-none-eabi/10.3.1/../../../../arm-none-eabi/lib/thumb/v7-m/nofp\libc_nano.a(lib_a-nano-vfprintf.o)
                0x0000000008003690                _vfprintf_r
                0x0000000008003690                _vfiprintf_r
 .text._printf_common
                0x00000000080038f0       0xde c:/st/stm32cubeide_1.10.1/stm32cubeide/plugins/com.st.stm32cube.ide.mcu.externaltools.gnu-tools-for-stm32.10.3-2021.10.win32_1.0.200.202301161003/tools/bin/../lib/gcc/arm-none-eabi/10.3.1/../../../../arm-none-eabi/lib/thumb/v7-m/nofp\libc_nano.a(lib_a-nano-vfprintf_i.o)
                0x00000000080038f0                _printf_common
 *fill*         0x00000000080039ce        0x2 
 .text._printf_i
                0x00000000080039d0      0x24c c:/st/stm32cubeide_1.10.1/stm32cubeide/plugins/com.st.stm32cube.ide.mcu.externaltools.gnu-tools-for-stm32.10.3-2021.10.win32_1.0.200.202301161003/tools/bin/../lib/gcc/arm-none-eabi/10.3.1/../../../../arm-none-eabi/lib/thumb/v7-m/nofp\libc_nano.a(lib_a-nano-vfprintf_i.o)
                0x00000000080039d0                _printf_i
 .text._sbrk_r  0x0000000008003c1c       0x20 c:/st/stm32cubeide_1.10.1/stm32cubeide/plugins/com.st.stm32cube.ide.mcu.externaltools.gnu-tools-for-stm32.10.3-2021.10.win32_1.0.200.202301161003/tools/bin/../lib/gcc/arm-none-eabi/10.3.1/../../../../arm-none-eabi/lib/thumb/v7-m/nofp\libc_nano.a(lib_a-sbrkr.o)
                0x0000000008003c1c                _sbrk_r
 .text.__sread  0x0000000008003c3c       0x22 c:/st/stm32cubeide_1.10.1/stm32cubeide/plugins/com.st.stm32cube.ide.mcu.externaltools.gnu-tools-for-stm32.10.3-2021.10.win32_1.0.200.202301161003/tools/bin/../lib/gcc/arm-none-eabi/10.3.1/../../../../arm-none-eabi/lib/thumb/v7-m/nofp\libc_nano.a(lib_a-stdio.o)
                0x0000000008003c3c                __sread
 .text.__swrite
                0x0000000008003c5e       0x38 c:/st/stm32cubeide_1.10.1/stm32cubeide/plugins/com.st.stm32cube.ide.mcu.externaltools.gnu-tools-for-stm32.10.3-2021.10.win32_1.0.200.202301161003/tools/bin/../lib/gcc/arm-none-eabi/10.3.1/../../../../arm-none-eabi/lib/thumb/v7-m/nofp\libc_nano.a(lib_a-stdio.o)
                0x0000000008003c5e                __swrite
 .text.__sseek  0x0000000008003c96       0x24 c:/st/stm32cubeide_1.10.1/stm32cubeide/plugins/com.st.stm32cube.ide.mcu.externaltools.gnu-tools-for-stm32.10.3-2021.10.win32_1.0.200.202301161003/tools/bin/../lib/gcc/arm-none-eabi/10.3.1/../../../../arm-none-eabi/lib/thumb/v7-m/nofp\libc_nano.a(lib_a-stdio.o)
                0x0000000008003c96                __sseek
 .text.__sclose
                0x0000000008003cba        0x8 c:/st/stm32cubeide_1.10.1/stm32cubeide/plugins/com.st.stm32cube.ide.mcu.externaltools.gnu-tools-for-stm32.10.3-2021.10.win32_1.0.200.202301161003/tools/bin/../lib/gcc/arm-none-eabi/10.3.1/../../../../arm-none-eabi/lib/thumb/v7-m/nofp\libc_nano.a(lib_a-stdio.o)
                0x0000000008003cba                __sclose
 *fill*         0x0000000008003cc2        0x2 
 .text.__swbuf_r
                0x0000000008003cc4       0xa4 c:/st/stm32cubeide_1.10.1/stm32cubeide/plugins/com.st.stm32cube.ide.mcu.externaltools.gnu-tools-for-stm32.10.3-2021.10.win32_1.0.200.202301161003/tools/bin/../lib/gcc/arm-none-eabi/10.3.1/../../../../arm-none-eabi/lib/thumb/v7-m/nofp\libc_nano.a(lib_a-wbuf.o)
                0x0000000008003cc4                __swbuf_r
 .text._write_r
                0x0000000008003d68       0x24 c:/st/stm32cubeide_1.10.1/stm32cubeide/plugins/com.st.stm32cube.ide.mcu.externaltools.gnu-tools-for-stm32.10.3-2021.10.win32_1.0.200.202301161003/tools/bin/../lib/gcc/arm-none-eabi/10.3.1/../../../../arm-none-eabi/lib/thumb/v7-m/nofp\libc_nano.a(lib_a-writer.o)
                0x0000000008003d68                _write_r
 .text.__swsetup_r
                0x0000000008003d8c       0xdc c:/st/stm32cubeide_1.10.1/stm32cubeide/plugins/com.st.stm32cube.ide.mcu.externaltools.gnu-tools-for-stm32.10.3-2021.10.win32_1.0.200.202301161003/tools/bin/../lib/gcc/arm-none-eabi/10.3.1/../../../../arm-none-eabi/lib/thumb/v7-m/nofp\libc_nano.a(lib_a-wsetup.o)
                0x0000000008003d8c                __swsetup_r
 .text._close_r
                0x0000000008003e68       0x20 c:/st/stm32cubeide_1.10.1/stm32cubeide/plugins/com.st.stm32cube.ide.mcu.externaltools.gnu-tools-for-stm32.10.3-2021.10.win32_1.0.200.202301161003/tools/bin/../lib/gcc/arm-none-eabi/10.3.1/../../../../arm-none-eabi/lib/thumb/v7-m/nofp\libc_nano.a(lib_a-closer.o)
                0x0000000008003e68                _close_r
 .text.__sflush_r
                0x0000000008003e88      0x104 c:/st/stm32cubeide_1.10.1/stm32cubeide/plugins/com.st.stm32cube.ide.mcu.externaltools.gnu-tools-for-stm32.10.3-2021.10.win32_1.0.200.202301161003/tools/bin/../lib/gcc/arm-none-eabi/10.3.1/../../../../arm-none-eabi/lib/thumb/v7-m/nofp\libc_nano.a(lib_a-fflush.o)
                0x0000000008003e88                __sflush_r
 .text._fflush_r
                0x0000000008003f8c       0x78 c:/st/stm32cubeide_1.10.1/stm32cubeide/plugins/com.st.stm32cube.ide.mcu.externaltools.gnu-tools-for-stm32.10.3-2021.10.win32_1.0.200.202301161003/tools/bin/../lib/gcc/arm-none-eabi/10.3.1/../../../../arm-none-eabi/lib/thumb/v7-m/nofp\libc_nano.a(lib_a-fflush.o)
                0x0000000008003f8c                _fflush_r
 .text._lseek_r
                0x0000000008004004       0x24 c:/st/stm32cubeide_1.10.1/stm32cubeide/plugins/com.st.stm32cube.ide.mcu.externaltools.gnu-tools-for-stm32.10.3-2021.10.win32_1.0.200.202301161003/tools/bin/../lib/gcc/arm-none-eabi/10.3.1/../../../../arm-none-eabi/lib/thumb/v7-m/nofp\libc_nano.a(lib_a-lseekr.o)
                0x0000000008004004                _lseek_r
 .text.__swhatbuf_r
                0x0000000008004028       0x4a c:/st/stm32cubeide_1.10.1/stm32cubeide/plugins/com.st.stm32cube.ide.mcu.externaltools.gnu-tools-for-stm32.10.3-2021.10.win32_1.0.200.202301161003/tools/bin/../lib/gcc/arm-none-eabi/10.3.1/../../../../arm-none-eabi/lib/thumb/v7-m/nofp\libc_nano.a(lib_a-makebuf.o)
                0x0000000008004028                __swhatbuf_r
 *fill*         0x0000000008004072        0x2 
 .text.__smakebuf_r
                0x0000000008004074       0x80 c:/st/stm32cubeide_1.10.1/stm32cubeide/plugins/com.st.stm32cube.ide.mcu.externaltools.gnu-tools-for-stm32.10.3-2021.10.win32_1.0.200.202301161003/tools/bin/../lib/gcc/arm-none-eabi/10.3.1/../../../../arm-none-eabi/lib/thumb/v7-m/nofp\libc_nano.a(lib_a-makebuf.o)
                0x0000000008004074                __smakebuf_r
 .text.memchr   0x00000000080040f4       0x1c c:/st/stm32cubeide_1.10.1/stm32cubeide/plugins/com.st.stm32cube.ide.mcu.externaltools.gnu-tools-for-stm32.10.3-2021.10.win32_1.0.200.202301161003/tools/bin/../lib/gcc/arm-none-eabi/10.3.1/../../../../arm-none-eabi/lib/thumb/v7-m/nofp\libc_nano.a(lib_a-memchr-stub.o)
                0x00000000080040f4                memchr
 .text.__malloc_lock
                0x0000000008004110        0xc c:/st/stm32cubeide_1.10.1/stm32cubeide/plugins/com.st.stm32cube.ide.mcu.externaltools.gnu-tools-for-stm32.10.3-2021.10.win32_1.0.200.202301161003/tools/bin/../lib/gcc/arm-none-eabi/10.3.1/../../../../arm-none-eabi/lib/thumb/v7-m/nofp\libc_nano.a(lib_a-mlock.o)
                0x0000000008004110                __malloc_lock
 .text.__malloc_unlock
                0x000000000800411c        0xc c:/st/stm32cubeide_1.10.1/stm32cubeide/plugins/com.st.stm32cube.ide.mcu.externaltools.gnu-tools-for-stm32.10.3-2021.10.win32_1.0.200.202301161003/tools/bin/../lib/gcc/arm-none-eabi/10.3.1/../../../../arm-none-eabi/lib/thumb/v7-m/nofp\libc_nano.a(lib_a-mlock.o)
                0x000000000800411c                __malloc_unlock
 .text._free_r  0x0000000008004128       0x90 c:/st/stm32cubeide_1.10.1/stm32cubeide/plugins/com.st.stm32cube.ide.mcu.externaltools.gnu-tools-for-stm32.10.3-2021.10.win32_1.0.200.202301161003/tools/bin/../lib/gcc/arm-none-eabi/10.3.1/../../../../arm-none-eabi/lib/thumb/v7-m/nofp\libc_nano.a(lib_a-nano-freer.o)
                0x0000000008004128                _free_r
 .text._read_r  0x00000000080041b8       0x24 c:/st/stm32cubeide_1.10.1/stm32cubeide/plugins/com.st.stm32cube.ide.mcu.externaltools.gnu-tools-for-stm32.10.3-2021.10.win32_1.0.200.202301161003/tools/bin/../lib/gcc/arm-none-eabi/10.3.1/../../../../arm-none-eabi/lib/thumb/v7-m/nofp\libc_nano.a(lib_a-readr.o)
                0x00000000080041b8                _read_r
 .text._fstat_r
                0x00000000080041dc       0x24 c:/st/stm32cubeide_1.10.1/stm32cubeide/plugins/com.st.stm32cube.ide.mcu.externaltools.gnu-tools-for-stm32.10.3-2021.10.win32_1.0.200.202301161003/tools/bin/../lib/gcc/arm-none-eabi/10.3.1/../../../../arm-none-eabi/lib/thumb/v7-m/nofp\libc_nano.a(lib_a-fstatr.o)
                0x00000000080041dc                _fstat_r
 .text._isatty_r
                0x0000000008004200       0x20 c:/st/stm32cubeide_1.10.1/stm32cubeide/plugins/com.st.stm32cube.ide.mcu.externaltools.gnu-tools-for-stm32.10.3-2021.10.win32_1.0.200.202301161003/tools/bin/../lib/gcc/arm-none-eabi/10.3.1/../../../../arm-none-eabi/lib/thumb/v7-m/nofp\libc_nano.a(lib_a-isattyr.o)
                0x0000000008004200                _isatty_r
 *(.glue_7)
 .glue_7        0x0000000008004220        0x0 linker stubs
 *(.glue_7t)
 .glue_7t       0x0000000008004220        0x0 linker stubs
 *(.eh_frame)
 .eh_frame      0x0000000008004220        0x0 c:/st/stm32cubeide_1.10.1/stm32cubeide/plugins/com.st.stm32cube.ide.mcu.externaltools.gnu-tools-for-stm32.10.3-2021.10.win32_1.0.200.202301161003/tools/bin/../lib/gcc/arm-none-eabi/10.3.1/thumb/v7-m/nofp/crtbegin.o
 *(.init)
 .init          0x0000000008004220        0x4 c:/st/stm32cubeide_1.10.1/stm32cubeide/plugins/com.st.stm32cube.ide.mcu.externaltools.gnu-tools-for-stm32.10.3-2021.10.win32_1.0.200.202301161003/tools/bin/../lib/gcc/arm-none-eabi/10.3.1/thumb/v7-m/nofp/crti.o
                0x0000000008004220                _init
 .init          0x0000000008004224        0x8 c:/st/stm32cubeide_1.10.1/stm32cubeide/plugins/com.st.stm32cube.ide.mcu.externaltools.gnu-tools-for-stm32.10.3-2021.10.win32_1.0.200.202301161003/tools/bin/../lib/gcc/arm-none-eabi/10.3.1/thumb/v7-m/nofp/crtn.o
 *(.fini)
 .fini          0x000000000800422c        0x4 c:/st/stm32cubeide_1.10.1/stm32cubeide/plugins/com.st.stm32cube.ide.mcu.externaltools.gnu-tools-for-stm32.10.3-2021.10.win32_1.0.200.202301161003/tools/bin/../lib/gcc/arm-none-eabi/10.3.1/thumb/v7-m/nofp/crti.o
                0x000000000800422c                _fini
 .fini          0x0000000008004230        0x8 c:/st/stm32cubeide_1.10.1/stm32cubeide/plugins/com.st.stm32cube.ide.mcu.externaltools.gnu-tools-for-stm32.10.3-2021.10.win32_1.0.200.202301161003/tools/bin/../lib/gcc/arm-none-eabi/10.3.1/thumb/v7-m/nofp/crtn.o
                0x0000000008004238                . = ALIGN (0x4)
                0x0000000008004238                _etext = .

.vfp11_veneer   0x0000000008004238        0x0
 .vfp11_veneer  0x0000000008004238        0x0 linker stubs

.v4_bx          0x0000000008004238        0x0
 .v4_bx         0x0000000008004238        0x0 linker stubs

.iplt           0x0000000008004238        0x0
 .iplt          0x0000000008004238        0x0 c:/st/stm32cubeide_1.10.1/stm32cubeide/plugins/com.st.stm32cube.ide.mcu.externaltools.gnu-tools-for-stm32.10.3-2021.10.win32_1.0.200.202301161003/tools/bin/../lib/gcc/arm-none-eabi/10.3.1/thumb/v7-m/nofp/crtbegin.o

.rodata         0x0000000008004238      0xd88
                0x0000000008004238                . = ALIGN (0x4)
 *(.rodata)
 .rodata        0x0000000008004238       0x10 ./Drivers/STM32F1xx_HAL_Driver/Src/stm32f1xx_hal_rcc.o
 .rodata        0x0000000008004248       0x36 ./user/adapter.o
 *fill*         0x000000000800427e        0x2 
 .rodata        0x0000000008004280      0x5fd ./user/pn_serial_protocol.o
 *fill*         0x000000000800487d        0x3 
 .rodata        0x0000000008004880      0x5fd ./user/uart.o
 *(.rodata*)
 *fill*         0x0000000008004e7d        0x3 
 .rodata.AHBPrescTable
                0x0000000008004e80       0x10 ./Core/Src/system_stm32f1xx.o
                0x0000000008004e80                AHBPrescTable
 .rodata.APBPrescTable
                0x0000000008004e90        0x8 ./Core/Src/system_stm32f1xx.o
                0x0000000008004e90                APBPrescTable
 .rodata.__func__.5
                0x0000000008004e98        0xb ./user/pn_serial_protocol.o
 *fill*         0x0000000008004ea3        0x1 
 .rodata.__func__.4
                0x0000000008004ea4        0xf ./user/pn_serial_protocol.o
 *fill*         0x0000000008004eb3        0x1 
 .rodata.__func__.3
                0x0000000008004eb4        0xe ./user/pn_serial_protocol.o
 *fill*         0x0000000008004ec2        0x2 
 .rodata.__func__.2
                0x0000000008004ec4        0xb ./user/pn_serial_protocol.o
 *fill*         0x0000000008004ecf        0x1 
 .rodata.__func__.1
                0x0000000008004ed0        0x9 ./user/pn_serial_protocol.o
 *fill*         0x0000000008004ed9        0x3 
 .rodata.__func__.0
                0x0000000008004edc        0x5 ./user/pn_serial_protocol.o
 *fill*         0x0000000008004ee1        0x3 
 .rodata.__func__.5
                0x0000000008004ee4        0xb ./user/uart.o
 *fill*         0x0000000008004eef        0x1 
 .rodata.__func__.4
                0x0000000008004ef0        0xf ./user/uart.o
 *fill*         0x0000000008004eff        0x1 
 .rodata.__func__.2
                0x0000000008004f00        0xb ./user/uart.o
 *fill*         0x0000000008004f0b        0x1 
 .rodata.__func__.1
                0x0000000008004f0c        0xe ./user/uart.o
 *fill*         0x0000000008004f1a        0x2 
 .rodata.__func__.0
                0x0000000008004f1c        0xa ./user/uart.o
 *fill*         0x0000000008004f26        0x2 
 .rodata._global_impure_ptr
                0x0000000008004f28        0x4 c:/st/stm32cubeide_1.10.1/stm32cubeide/plugins/com.st.stm32cube.ide.mcu.externaltools.gnu-tools-for-stm32.10.3-2021.10.win32_1.0.200.202301161003/tools/bin/../lib/gcc/arm-none-eabi/10.3.1/../../../../arm-none-eabi/lib/thumb/v7-m/nofp\libc_nano.a(lib_a-impure.o)
                0x0000000008004f28                _global_impure_ptr
 .rodata.__sf_fake_stderr
                0x0000000008004f2c       0x20 c:/st/stm32cubeide_1.10.1/stm32cubeide/plugins/com.st.stm32cube.ide.mcu.externaltools.gnu-tools-for-stm32.10.3-2021.10.win32_1.0.200.202301161003/tools/bin/../lib/gcc/arm-none-eabi/10.3.1/../../../../arm-none-eabi/lib/thumb/v7-m/nofp\libc_nano.a(lib_a-findfp.o)
                0x0000000008004f2c                __sf_fake_stderr
 .rodata.__sf_fake_stdin
                0x0000000008004f4c       0x20 c:/st/stm32cubeide_1.10.1/stm32cubeide/plugins/com.st.stm32cube.ide.mcu.externaltools.gnu-tools-for-stm32.10.3-2021.10.win32_1.0.200.202301161003/tools/bin/../lib/gcc/arm-none-eabi/10.3.1/../../../../arm-none-eabi/lib/thumb/v7-m/nofp\libc_nano.a(lib_a-findfp.o)
                0x0000000008004f4c                __sf_fake_stdin
 .rodata.__sf_fake_stdout
                0x0000000008004f6c       0x20 c:/st/stm32cubeide_1.10.1/stm32cubeide/plugins/com.st.stm32cube.ide.mcu.externaltools.gnu-tools-for-stm32.10.3-2021.10.win32_1.0.200.202301161003/tools/bin/../lib/gcc/arm-none-eabi/10.3.1/../../../../arm-none-eabi/lib/thumb/v7-m/nofp\libc_nano.a(lib_a-findfp.o)
                0x0000000008004f6c                __sf_fake_stdout
 .rodata._vfprintf_r.str1.1
                0x0000000008004f8c       0x11 c:/st/stm32cubeide_1.10.1/stm32cubeide/plugins/com.st.stm32cube.ide.mcu.externaltools.gnu-tools-for-stm32.10.3-2021.10.win32_1.0.200.202301161003/tools/bin/../lib/gcc/arm-none-eabi/10.3.1/../../../../arm-none-eabi/lib/thumb/v7-m/nofp\libc_nano.a(lib_a-nano-vfprintf.o)
 .rodata._printf_i.str1.1
                0x0000000008004f9d       0x22 c:/st/stm32cubeide_1.10.1/stm32cubeide/plugins/com.st.stm32cube.ide.mcu.externaltools.gnu-tools-for-stm32.10.3-2021.10.win32_1.0.200.202301161003/tools/bin/../lib/gcc/arm-none-eabi/10.3.1/../../../../arm-none-eabi/lib/thumb/v7-m/nofp\libc_nano.a(lib_a-nano-vfprintf_i.o)
                0x0000000008004fc0                . = ALIGN (0x4)
 *fill*         0x0000000008004fbf        0x1 

.rel.dyn        0x0000000008004fc0        0x0
 .rel.iplt      0x0000000008004fc0        0x0 c:/st/stm32cubeide_1.10.1/stm32cubeide/plugins/com.st.stm32cube.ide.mcu.externaltools.gnu-tools-for-stm32.10.3-2021.10.win32_1.0.200.202301161003/tools/bin/../lib/gcc/arm-none-eabi/10.3.1/thumb/v7-m/nofp/crtbegin.o

.ARM.extab      0x0000000008004fc0        0x0
                0x0000000008004fc0                . = ALIGN (0x4)
 *(.ARM.extab* .gnu.linkonce.armextab.*)
                0x0000000008004fc0                . = ALIGN (0x4)

.ARM            0x0000000008004fc0        0x0
                0x0000000008004fc0                . = ALIGN (0x4)
                0x0000000008004fc0                __exidx_start = .
 *(.ARM.exidx*)
                0x0000000008004fc0                __exidx_end = .
                0x0000000008004fc0                . = ALIGN (0x4)

.preinit_array  0x0000000008004fc0        0x0
                0x0000000008004fc0                . = ALIGN (0x4)
                0x0000000008004fc0                PROVIDE (__preinit_array_start = .)
 *(.preinit_array*)
                0x0000000008004fc0                PROVIDE (__preinit_array_end = .)
                0x0000000008004fc0                . = ALIGN (0x4)

.init_array     0x0000000008004fc0        0x4
                0x0000000008004fc0                . = ALIGN (0x4)
                0x0000000008004fc0                PROVIDE (__init_array_start = .)
 *(SORT_BY_NAME(.init_array.*))
 *(.init_array*)
 .init_array    0x0000000008004fc0        0x4 c:/st/stm32cubeide_1.10.1/stm32cubeide/plugins/com.st.stm32cube.ide.mcu.externaltools.gnu-tools-for-stm32.10.3-2021.10.win32_1.0.200.202301161003/tools/bin/../lib/gcc/arm-none-eabi/10.3.1/thumb/v7-m/nofp/crtbegin.o
                0x0000000008004fc4                PROVIDE (__init_array_end = .)
                0x0000000008004fc4                . = ALIGN (0x4)

.fini_array     0x0000000008004fc4        0x4
                0x0000000008004fc4                . = ALIGN (0x4)
                [!provide]                        PROVIDE (__fini_array_start = .)
 *(SORT_BY_NAME(.fini_array.*))
 *(.fini_array*)
 .fini_array    0x0000000008004fc4        0x4 c:/st/stm32cubeide_1.10.1/stm32cubeide/plugins/com.st.stm32cube.ide.mcu.externaltools.gnu-tools-for-stm32.10.3-2021.10.win32_1.0.200.202301161003/tools/bin/../lib/gcc/arm-none-eabi/10.3.1/thumb/v7-m/nofp/crtbegin.o
                [!provide]                        PROVIDE (__fini_array_end = .)
                0x0000000008004fc8                . = ALIGN (0x4)
                0x0000000008004fc8                _sidata = LOADADDR (.data)

.data           0x0000000020000000       0x84 load address 0x0000000008004fc8
                0x0000000020000000                . = ALIGN (0x4)
                0x0000000020000000                _sdata = .
 *(.data)
 *(.data*)
 .data.SystemCoreClock
                0x0000000020000000        0x4 ./Core/Src/system_stm32f1xx.o
                0x0000000020000000                SystemCoreClock
 .data.uwTickPrio
                0x0000000020000004        0x4 ./Drivers/STM32F1xx_HAL_Driver/Src/stm32f1xx_hal.o
                0x0000000020000004                uwTickPrio
 .data.uwTickFreq
                0x0000000020000008        0x1 ./Drivers/STM32F1xx_HAL_Driver/Src/stm32f1xx_hal.o
                0x0000000020000008                uwTickFreq
 .data.status   0x0000000020000009        0x1 ./user/pn_serial_protocol.o
 *fill*         0x000000002000000a        0x2 
 .data.StaticSerialProtocol
                0x000000002000000c       0x10 ./user/pn_serial_protocol.o
                0x000000002000000c                StaticSerialProtocol
 .data.status   0x000000002000001c        0x1 ./user/uart.o
 *fill*         0x000000002000001d        0x3 
 .data._impure_ptr
                0x0000000020000020        0x4 c:/st/stm32cubeide_1.10.1/stm32cubeide/plugins/com.st.stm32cube.ide.mcu.externaltools.gnu-tools-for-stm32.10.3-2021.10.win32_1.0.200.202301161003/tools/bin/../lib/gcc/arm-none-eabi/10.3.1/../../../../arm-none-eabi/lib/thumb/v7-m/nofp\libc_nano.a(lib_a-impure.o)
                0x0000000020000020                _impure_ptr
 .data.impure_data
                0x0000000020000024       0x60 c:/st/stm32cubeide_1.10.1/stm32cubeide/plugins/com.st.stm32cube.ide.mcu.externaltools.gnu-tools-for-stm32.10.3-2021.10.win32_1.0.200.202301161003/tools/bin/../lib/gcc/arm-none-eabi/10.3.1/../../../../arm-none-eabi/lib/thumb/v7-m/nofp\libc_nano.a(lib_a-impure.o)
 *(.RamFunc)
 *(.RamFunc*)
                0x0000000020000084                . = ALIGN (0x4)
                0x0000000020000084                _edata = .

.igot.plt       0x0000000020000084        0x0 load address 0x000000000800504c
 .igot.plt      0x0000000020000084        0x0 c:/st/stm32cubeide_1.10.1/stm32cubeide/plugins/com.st.stm32cube.ide.mcu.externaltools.gnu-tools-for-stm32.10.3-2021.10.win32_1.0.200.202301161003/tools/bin/../lib/gcc/arm-none-eabi/10.3.1/thumb/v7-m/nofp/crtbegin.o
                0x0000000020000084                . = ALIGN (0x4)

.bss            0x0000000020000084     0x1238 load address 0x000000000800504c
                0x0000000020000084                _sbss = .
                0x0000000020000084                __bss_start__ = _sbss
 *(.bss)
 .bss           0x0000000020000084       0x1c c:/st/stm32cubeide_1.10.1/stm32cubeide/plugins/com.st.stm32cube.ide.mcu.externaltools.gnu-tools-for-stm32.10.3-2021.10.win32_1.0.200.202301161003/tools/bin/../lib/gcc/arm-none-eabi/10.3.1/thumb/v7-m/nofp/crtbegin.o
 *(.bss*)
 .bss.hcrc      0x00000000200000a0        0x8 ./Core/Src/main.o
                0x00000000200000a0                hcrc
 .bss.huart1    0x00000000200000a8       0x44 ./Core/Src/main.o
                0x00000000200000a8                huart1
 .bss.huart2    0x00000000200000ec       0x44 ./Core/Src/main.o
                0x00000000200000ec                huart2
 .bss.hdma_usart1_rx
                0x0000000020000130       0x44 ./Core/Src/main.o
                0x0000000020000130                hdma_usart1_rx
 .bss.__sbrk_heap_end
                0x0000000020000174        0x4 ./Core/Src/sysmem.o
 .bss.uwTick    0x0000000020000178        0x4 ./Drivers/STM32F1xx_HAL_Driver/Src/stm32f1xx_hal.o
                0x0000000020000178                uwTick
 .bss.huart_adapter
                0x000000002000017c        0x4 ./user/pn_serial_protocol.o
 .bss.hcrc_adapter
                0x0000000020000180        0x4 ./user/pn_serial_protocol.o
 .bss.receiveCallback
                0x0000000020000184        0x4 ./user/pn_serial_protocol.o
 .bss.rec_data  0x0000000020000188      0x800 ./user/pn_serial_protocol.o
 .bss.rec_sync_bytes
                0x0000000020000988        0x1 ./user/pn_serial_protocol.o
 *fill*         0x0000000020000989        0x3 
 .bss.rec_id_bytes
                0x000000002000098c        0x4 ./user/pn_serial_protocol.o
 .bss.rec_len_bytes
                0x0000000020000990        0x2 ./user/pn_serial_protocol.o
 .bss.rec_track
                0x0000000020000992        0x1 ./user/pn_serial_protocol.o
 *fill*         0x0000000020000993        0x1 
 .bss.time_elapse
                0x0000000020000994        0x4 ./user/pn_serial_protocol.o
 .bss.received  0x0000000020000998        0x1 ./user/pn_serial_protocol.o
 *fill*         0x0000000020000999        0x3 
 .bss.received_id
                0x000000002000099c        0x4 ./user/pn_serial_protocol.o
 .bss.received_len
                0x00000000200009a0        0x2 ./user/pn_serial_protocol.o
 .bss.is_in_receiveThread
                0x00000000200009a2        0x1 ./user/pn_serial_protocol.o
 *fill*         0x00000000200009a3        0x1 
 .bss.send_data
                0x00000000200009a4       0x64 ./user/pn_serial_protocol.o
 .bss.send_sync_bytes
                0x0000000020000a08        0x1 ./user/pn_serial_protocol.o
 *fill*         0x0000000020000a09        0x3 
 .bss.send_sync_ack
                0x0000000020000a0c        0x1 ./user/pn_serial_protocol.o
 *fill*         0x0000000020000a0d        0x3 
 .bss.rec_ack   0x0000000020000a10        0x8 ./user/pn_serial_protocol.o
 .bss.huart_adapter
                0x0000000020000a18        0x4 ./user/uart.o
 .bss.hcrc_adapter
                0x0000000020000a1c        0x4 ./user/uart.o
 .bss.receiveCallback
                0x0000000020000a20        0x4 ./user/uart.o
 .bss.rec_data  0x0000000020000a24      0x800 ./user/uart.o
 .bss.rec_sync_bytes
                0x0000000020001224        0x1 ./user/uart.o
 .bss.rec_track
                0x0000000020001225        0x1 ./user/uart.o
 *fill*         0x0000000020001226        0x2 
 .bss.time_elapse
                0x0000000020001228        0x4 ./user/uart.o
 .bss.received  0x000000002000122c        0x1 ./user/uart.o
 *fill*         0x000000002000122d        0x3 
 .bss.received_id
                0x0000000020001230        0x4 ./user/uart.o
 .bss.received_len
                0x0000000020001234        0x2 ./user/uart.o
 .bss.is_in_receiveThread
                0x0000000020001236        0x1 ./user/uart.o
 *fill*         0x0000000020001237        0x1 
 .bss.send_data
                0x0000000020001238       0x64 ./user/uart.o
 .bss.send_sync_bytes
                0x000000002000129c        0x1 ./user/uart.o
 *fill*         0x000000002000129d        0x3 
 .bss.send_sync_ack
                0x00000000200012a0        0x1 ./user/uart.o
 *fill*         0x00000000200012a1        0x3 
 .bss.rec_ack   0x00000000200012a4        0x8 ./user/uart.o
 .bss.__lock___malloc_recursive_mutex
                0x00000000200012ac        0x1 c:/st/stm32cubeide_1.10.1/stm32cubeide/plugins/com.st.stm32cube.ide.mcu.externaltools.gnu-tools-for-stm32.10.3-2021.10.win32_1.0.200.202301161003/tools/bin/../lib/gcc/arm-none-eabi/10.3.1/../../../../arm-none-eabi/lib/thumb/v7-m/nofp\libc_nano.a(lib_a-lock.o)
                0x00000000200012ac                __lock___malloc_recursive_mutex
 .bss.__lock___sfp_recursive_mutex
                0x00000000200012ad        0x1 c:/st/stm32cubeide_1.10.1/stm32cubeide/plugins/com.st.stm32cube.ide.mcu.externaltools.gnu-tools-for-stm32.10.3-2021.10.win32_1.0.200.202301161003/tools/bin/../lib/gcc/arm-none-eabi/10.3.1/../../../../arm-none-eabi/lib/thumb/v7-m/nofp\libc_nano.a(lib_a-lock.o)
                0x00000000200012ad                __lock___sfp_recursive_mutex
 .bss.__lock___sinit_recursive_mutex
                0x00000000200012ae        0x1 c:/st/stm32cubeide_1.10.1/stm32cubeide/plugins/com.st.stm32cube.ide.mcu.externaltools.gnu-tools-for-stm32.10.3-2021.10.win32_1.0.200.202301161003/tools/bin/../lib/gcc/arm-none-eabi/10.3.1/../../../../arm-none-eabi/lib/thumb/v7-m/nofp\libc_nano.a(lib_a-lock.o)
                0x00000000200012ae                __lock___sinit_recursive_mutex
 *fill*         0x00000000200012af        0x1 
 .bss.__malloc_free_list
                0x00000000200012b0        0x4 c:/st/stm32cubeide_1.10.1/stm32cubeide/plugins/com.st.stm32cube.ide.mcu.externaltools.gnu-tools-for-stm32.10.3-2021.10.win32_1.0.200.202301161003/tools/bin/../lib/gcc/arm-none-eabi/10.3.1/../../../../arm-none-eabi/lib/thumb/v7-m/nofp\libc_nano.a(lib_a-nano-mallocr.o)
                0x00000000200012b0                __malloc_free_list
 .bss.__malloc_sbrk_start
                0x00000000200012b4        0x4 c:/st/stm32cubeide_1.10.1/stm32cubeide/plugins/com.st.stm32cube.ide.mcu.externaltools.gnu-tools-for-stm32.10.3-2021.10.win32_1.0.200.202301161003/tools/bin/../lib/gcc/arm-none-eabi/10.3.1/../../../../arm-none-eabi/lib/thumb/v7-m/nofp\libc_nano.a(lib_a-nano-mallocr.o)
                0x00000000200012b4                __malloc_sbrk_start
 .bss.errno     0x00000000200012b8        0x4 c:/st/stm32cubeide_1.10.1/stm32cubeide/plugins/com.st.stm32cube.ide.mcu.externaltools.gnu-tools-for-stm32.10.3-2021.10.win32_1.0.200.202301161003/tools/bin/../lib/gcc/arm-none-eabi/10.3.1/../../../../arm-none-eabi/lib/thumb/v7-m/nofp\libc_nano.a(lib_a-reent.o)
                0x00000000200012b8                errno
 *(COMMON)
                0x00000000200012bc                . = ALIGN (0x4)
                0x00000000200012bc                _ebss = .
                0x00000000200012bc                __bss_end__ = _ebss

._user_heap_stack
                0x00000000200012bc      0x604 load address 0x000000000800504c
                0x00000000200012c0                . = ALIGN (0x8)
 *fill*         0x00000000200012bc        0x4 
                [!provide]                        PROVIDE (end = .)
                0x00000000200012c0                PROVIDE (_end = .)
                0x00000000200014c0                . = (. + _Min_Heap_Size)
 *fill*         0x00000000200012c0      0x200 
                0x00000000200018c0                . = (. + _Min_Stack_Size)
 *fill*         0x00000000200014c0      0x400 
                0x00000000200018c0                . = ALIGN (0x8)

/DISCARD/
 libc.a(*)
 libm.a(*)
 libgcc.a(*)

.ARM.attributes
                0x0000000000000000       0x29
 *(.ARM.attributes)
 .ARM.attributes
                0x0000000000000000       0x1d c:/st/stm32cubeide_1.10.1/stm32cubeide/plugins/com.st.stm32cube.ide.mcu.externaltools.gnu-tools-for-stm32.10.3-2021.10.win32_1.0.200.202301161003/tools/bin/../lib/gcc/arm-none-eabi/10.3.1/thumb/v7-m/nofp/crti.o
 .ARM.attributes
                0x000000000000001d       0x2d c:/st/stm32cubeide_1.10.1/stm32cubeide/plugins/com.st.stm32cube.ide.mcu.externaltools.gnu-tools-for-stm32.10.3-2021.10.win32_1.0.200.202301161003/tools/bin/../lib/gcc/arm-none-eabi/10.3.1/thumb/v7-m/nofp/crtbegin.o
 .ARM.attributes
                0x000000000000004a       0x2d ./Core/Src/main.o
 .ARM.attributes
                0x0000000000000077       0x2d ./Core/Src/stm32f1xx_hal_msp.o
 .ARM.attributes
                0x00000000000000a4       0x2d ./Core/Src/stm32f1xx_it.o
 .ARM.attributes
                0x00000000000000d1       0x2d ./Core/Src/syscalls.o
 .ARM.attributes
                0x00000000000000fe       0x2d ./Core/Src/sysmem.o
 .ARM.attributes
                0x000000000000012b       0x2d ./Core/Src/system_stm32f1xx.o
 .ARM.attributes
                0x0000000000000158       0x21 ./Core/Startup/startup_stm32f103c8tx.o
 .ARM.attributes
                0x0000000000000179       0x2d ./Drivers/STM32F1xx_HAL_Driver/Src/stm32f1xx_hal.o
 .ARM.attributes
                0x00000000000001a6       0x2d ./Drivers/STM32F1xx_HAL_Driver/Src/stm32f1xx_hal_cortex.o
 .ARM.attributes
                0x00000000000001d3       0x2d ./Drivers/STM32F1xx_HAL_Driver/Src/stm32f1xx_hal_crc.o
 .ARM.attributes
                0x0000000000000200       0x2d ./Drivers/STM32F1xx_HAL_Driver/Src/stm32f1xx_hal_dma.o
 .ARM.attributes
                0x000000000000022d       0x2d ./Drivers/STM32F1xx_HAL_Driver/Src/stm32f1xx_hal_gpio.o
 .ARM.attributes
                0x000000000000025a       0x2d ./Drivers/STM32F1xx_HAL_Driver/Src/stm32f1xx_hal_rcc.o
 .ARM.attributes
                0x0000000000000287       0x2d ./Drivers/STM32F1xx_HAL_Driver/Src/stm32f1xx_hal_uart.o
 .ARM.attributes
                0x00000000000002b4       0x2d ./user/adapter.o
 .ARM.attributes
                0x00000000000002e1       0x2d ./user/pn_serial_protocol.o
 .ARM.attributes
                0x000000000000030e       0x2d ./user/pn_serial_protocol_test.o
 .ARM.attributes
                0x000000000000033b       0x2d ./user/uart.o
 .ARM.attributes
                0x0000000000000368       0x2d c:/st/stm32cubeide_1.10.1/stm32cubeide/plugins/com.st.stm32cube.ide.mcu.externaltools.gnu-tools-for-stm32.10.3-2021.10.win32_1.0.200.202301161003/tools/bin/../lib/gcc/arm-none-eabi/10.3.1/../../../../arm-none-eabi/lib/thumb/v7-m/nofp\libc_nano.a(lib_a-errno.o)
 .ARM.attributes
                0x0000000000000395       0x2d c:/st/stm32cubeide_1.10.1/stm32cubeide/plugins/com.st.stm32cube.ide.mcu.externaltools.gnu-tools-for-stm32.10.3-2021.10.win32_1.0.200.202301161003/tools/bin/../lib/gcc/arm-none-eabi/10.3.1/../../../../arm-none-eabi/lib/thumb/v7-m/nofp\libc_nano.a(lib_a-impure.o)
 .ARM.attributes
                0x00000000000003c2       0x2d c:/st/stm32cubeide_1.10.1/stm32cubeide/plugins/com.st.stm32cube.ide.mcu.externaltools.gnu-tools-for-stm32.10.3-2021.10.win32_1.0.200.202301161003/tools/bin/../lib/gcc/arm-none-eabi/10.3.1/../../../../arm-none-eabi/lib/thumb/v7-m/nofp\libc_nano.a(lib_a-init.o)
 .ARM.attributes
                0x00000000000003ef       0x2d c:/st/stm32cubeide_1.10.1/stm32cubeide/plugins/com.st.stm32cube.ide.mcu.externaltools.gnu-tools-for-stm32.10.3-2021.10.win32_1.0.200.202301161003/tools/bin/../lib/gcc/arm-none-eabi/10.3.1/../../../../arm-none-eabi/lib/thumb/v7-m/nofp\libc_nano.a(lib_a-memset.o)
 .ARM.attributes
                0x000000000000041c       0x2d c:/st/stm32cubeide_1.10.1/stm32cubeide/plugins/com.st.stm32cube.ide.mcu.externaltools.gnu-tools-for-stm32.10.3-2021.10.win32_1.0.200.202301161003/tools/bin/../lib/gcc/arm-none-eabi/10.3.1/../../../../arm-none-eabi/lib/thumb/v7-m/nofp\libc_nano.a(lib_a-printf.o)
 .ARM.attributes
                0x0000000000000449       0x2d c:/st/stm32cubeide_1.10.1/stm32cubeide/plugins/com.st.stm32cube.ide.mcu.externaltools.gnu-tools-for-stm32.10.3-2021.10.win32_1.0.200.202301161003/tools/bin/../lib/gcc/arm-none-eabi/10.3.1/../../../../arm-none-eabi/lib/thumb/v7-m/nofp\libc_nano.a(lib_a-vprintf.o)
 .ARM.attributes
                0x0000000000000476       0x2d c:/st/stm32cubeide_1.10.1/stm32cubeide/plugins/com.st.stm32cube.ide.mcu.externaltools.gnu-tools-for-stm32.10.3-2021.10.win32_1.0.200.202301161003/tools/bin/../lib/gcc/arm-none-eabi/10.3.1/../../../../arm-none-eabi/lib/thumb/v7-m/nofp\libc_nano.a(lib_a-findfp.o)
 .ARM.attributes
                0x00000000000004a3       0x2d c:/st/stm32cubeide_1.10.1/stm32cubeide/plugins/com.st.stm32cube.ide.mcu.externaltools.gnu-tools-for-stm32.10.3-2021.10.win32_1.0.200.202301161003/tools/bin/../lib/gcc/arm-none-eabi/10.3.1/../../../../arm-none-eabi/lib/thumb/v7-m/nofp\libc_nano.a(lib_a-fwalk.o)
 .ARM.attributes
                0x00000000000004d0       0x2d c:/st/stm32cubeide_1.10.1/stm32cubeide/plugins/com.st.stm32cube.ide.mcu.externaltools.gnu-tools-for-stm32.10.3-2021.10.win32_1.0.200.202301161003/tools/bin/../lib/gcc/arm-none-eabi/10.3.1/../../../../arm-none-eabi/lib/thumb/v7-m/nofp\libc_nano.a(lib_a-lock.o)
 .ARM.attributes
                0x00000000000004fd       0x2d c:/st/stm32cubeide_1.10.1/stm32cubeide/plugins/com.st.stm32cube.ide.mcu.externaltools.gnu-tools-for-stm32.10.3-2021.10.win32_1.0.200.202301161003/tools/bin/../lib/gcc/arm-none-eabi/10.3.1/../../../../arm-none-eabi/lib/thumb/v7-m/nofp\libc_nano.a(lib_a-nano-mallocr.o)
 .ARM.attributes
                0x000000000000052a       0x2d c:/st/stm32cubeide_1.10.1/stm32cubeide/plugins/com.st.stm32cube.ide.mcu.externaltools.gnu-tools-for-stm32.10.3-2021.10.win32_1.0.200.202301161003/tools/bin/../lib/gcc/arm-none-eabi/10.3.1/../../../../arm-none-eabi/lib/thumb/v7-m/nofp\libc_nano.a(lib_a-nano-vfprintf.o)
 .ARM.attributes
                0x0000000000000557       0x2d c:/st/stm32cubeide_1.10.1/stm32cubeide/plugins/com.st.stm32cube.ide.mcu.externaltools.gnu-tools-for-stm32.10.3-2021.10.win32_1.0.200.202301161003/tools/bin/../lib/gcc/arm-none-eabi/10.3.1/../../../../arm-none-eabi/lib/thumb/v7-m/nofp\libc_nano.a(lib_a-nano-vfprintf_i.o)
 .ARM.attributes
                0x0000000000000584       0x2d c:/st/stm32cubeide_1.10.1/stm32cubeide/plugins/com.st.stm32cube.ide.mcu.externaltools.gnu-tools-for-stm32.10.3-2021.10.win32_1.0.200.202301161003/tools/bin/../lib/gcc/arm-none-eabi/10.3.1/../../../../arm-none-eabi/lib/thumb/v7-m/nofp\libc_nano.a(lib_a-sbrkr.o)
 .ARM.attributes
                0x00000000000005b1       0x2d c:/st/stm32cubeide_1.10.1/stm32cubeide/plugins/com.st.stm32cube.ide.mcu.externaltools.gnu-tools-for-stm32.10.3-2021.10.win32_1.0.200.202301161003/tools/bin/../lib/gcc/arm-none-eabi/10.3.1/../../../../arm-none-eabi/lib/thumb/v7-m/nofp\libc_nano.a(lib_a-stdio.o)
 .ARM.attributes
                0x00000000000005de       0x2d c:/st/stm32cubeide_1.10.1/stm32cubeide/plugins/com.st.stm32cube.ide.mcu.externaltools.gnu-tools-for-stm32.10.3-2021.10.win32_1.0.200.202301161003/tools/bin/../lib/gcc/arm-none-eabi/10.3.1/../../../../arm-none-eabi/lib/thumb/v7-m/nofp\libc_nano.a(lib_a-wbuf.o)
 .ARM.attributes
                0x000000000000060b       0x2d c:/st/stm32cubeide_1.10.1/stm32cubeide/plugins/com.st.stm32cube.ide.mcu.externaltools.gnu-tools-for-stm32.10.3-2021.10.win32_1.0.200.202301161003/tools/bin/../lib/gcc/arm-none-eabi/10.3.1/../../../../arm-none-eabi/lib/thumb/v7-m/nofp\libc_nano.a(lib_a-writer.o)
 .ARM.attributes
                0x0000000000000638       0x2d c:/st/stm32cubeide_1.10.1/stm32cubeide/plugins/com.st.stm32cube.ide.mcu.externaltools.gnu-tools-for-stm32.10.3-2021.10.win32_1.0.200.202301161003/tools/bin/../lib/gcc/arm-none-eabi/10.3.1/../../../../arm-none-eabi/lib/thumb/v7-m/nofp\libc_nano.a(lib_a-wsetup.o)
 .ARM.attributes
                0x0000000000000665       0x2d c:/st/stm32cubeide_1.10.1/stm32cubeide/plugins/com.st.stm32cube.ide.mcu.externaltools.gnu-tools-for-stm32.10.3-2021.10.win32_1.0.200.202301161003/tools/bin/../lib/gcc/arm-none-eabi/10.3.1/../../../../arm-none-eabi/lib/thumb/v7-m/nofp\libc_nano.a(lib_a-closer.o)
 .ARM.attributes
                0x0000000000000692       0x2d c:/st/stm32cubeide_1.10.1/stm32cubeide/plugins/com.st.stm32cube.ide.mcu.externaltools.gnu-tools-for-stm32.10.3-2021.10.win32_1.0.200.202301161003/tools/bin/../lib/gcc/arm-none-eabi/10.3.1/../../../../arm-none-eabi/lib/thumb/v7-m/nofp\libc_nano.a(lib_a-fflush.o)
 .ARM.attributes
                0x00000000000006bf       0x2d c:/st/stm32cubeide_1.10.1/stm32cubeide/plugins/com.st.stm32cube.ide.mcu.externaltools.gnu-tools-for-stm32.10.3-2021.10.win32_1.0.200.202301161003/tools/bin/../lib/gcc/arm-none-eabi/10.3.1/../../../../arm-none-eabi/lib/thumb/v7-m/nofp\libc_nano.a(lib_a-lseekr.o)
 .ARM.attributes
                0x00000000000006ec       0x2d c:/st/stm32cubeide_1.10.1/stm32cubeide/plugins/com.st.stm32cube.ide.mcu.externaltools.gnu-tools-for-stm32.10.3-2021.10.win32_1.0.200.202301161003/tools/bin/../lib/gcc/arm-none-eabi/10.3.1/../../../../arm-none-eabi/lib/thumb/v7-m/nofp\libc_nano.a(lib_a-makebuf.o)
 .ARM.attributes
                0x0000000000000719       0x2d c:/st/stm32cubeide_1.10.1/stm32cubeide/plugins/com.st.stm32cube.ide.mcu.externaltools.gnu-tools-for-stm32.10.3-2021.10.win32_1.0.200.202301161003/tools/bin/../lib/gcc/arm-none-eabi/10.3.1/../../../../arm-none-eabi/lib/thumb/v7-m/nofp\libc_nano.a(lib_a-memchr-stub.o)
 .ARM.attributes
                0x0000000000000746       0x2d c:/st/stm32cubeide_1.10.1/stm32cubeide/plugins/com.st.stm32cube.ide.mcu.externaltools.gnu-tools-for-stm32.10.3-2021.10.win32_1.0.200.202301161003/tools/bin/../lib/gcc/arm-none-eabi/10.3.1/../../../../arm-none-eabi/lib/thumb/v7-m/nofp\libc_nano.a(lib_a-mlock.o)
 .ARM.attributes
                0x0000000000000773       0x2d c:/st/stm32cubeide_1.10.1/stm32cubeide/plugins/com.st.stm32cube.ide.mcu.externaltools.gnu-tools-for-stm32.10.3-2021.10.win32_1.0.200.202301161003/tools/bin/../lib/gcc/arm-none-eabi/10.3.1/../../../../arm-none-eabi/lib/thumb/v7-m/nofp\libc_nano.a(lib_a-nano-freer.o)
 .ARM.attributes
                0x00000000000007a0       0x2d c:/st/stm32cubeide_1.10.1/stm32cubeide/plugins/com.st.stm32cube.ide.mcu.externaltools.gnu-tools-for-stm32.10.3-2021.10.win32_1.0.200.202301161003/tools/bin/../lib/gcc/arm-none-eabi/10.3.1/../../../../arm-none-eabi/lib/thumb/v7-m/nofp\libc_nano.a(lib_a-readr.o)
 .ARM.attributes
                0x00000000000007cd       0x2d c:/st/stm32cubeide_1.10.1/stm32cubeide/plugins/com.st.stm32cube.ide.mcu.externaltools.gnu-tools-for-stm32.10.3-2021.10.win32_1.0.200.202301161003/tools/bin/../lib/gcc/arm-none-eabi/10.3.1/../../../../arm-none-eabi/lib/thumb/v7-m/nofp\libc_nano.a(lib_a-reent.o)
 .ARM.attributes
                0x00000000000007fa       0x2d c:/st/stm32cubeide_1.10.1/stm32cubeide/plugins/com.st.stm32cube.ide.mcu.externaltools.gnu-tools-for-stm32.10.3-2021.10.win32_1.0.200.202301161003/tools/bin/../lib/gcc/arm-none-eabi/10.3.1/../../../../arm-none-eabi/lib/thumb/v7-m/nofp\libc_nano.a(lib_a-fstatr.o)
 .ARM.attributes
                0x0000000000000827       0x2d c:/st/stm32cubeide_1.10.1/stm32cubeide/plugins/com.st.stm32cube.ide.mcu.externaltools.gnu-tools-for-stm32.10.3-2021.10.win32_1.0.200.202301161003/tools/bin/../lib/gcc/arm-none-eabi/10.3.1/../../../../arm-none-eabi/lib/thumb/v7-m/nofp\libc_nano.a(lib_a-isattyr.o)
 .ARM.attributes
                0x0000000000000854       0x1d c:/st/stm32cubeide_1.10.1/stm32cubeide/plugins/com.st.stm32cube.ide.mcu.externaltools.gnu-tools-for-stm32.10.3-2021.10.win32_1.0.200.202301161003/tools/bin/../lib/gcc/arm-none-eabi/10.3.1/thumb/v7-m/nofp/crtn.o
OUTPUT(pn_serial_protocol_DMA.elf elf32-littlearm)
LOAD linker stubs
LOAD c:/st/stm32cubeide_1.10.1/stm32cubeide/plugins/com.st.stm32cube.ide.mcu.externaltools.gnu-tools-for-stm32.10.3-2021.10.win32_1.0.200.202301161003/tools/bin/../lib/gcc/arm-none-eabi/10.3.1/../../../../arm-none-eabi/lib/thumb/v7-m/nofp\libc.a
LOAD c:/st/stm32cubeide_1.10.1/stm32cubeide/plugins/com.st.stm32cube.ide.mcu.externaltools.gnu-tools-for-stm32.10.3-2021.10.win32_1.0.200.202301161003/tools/bin/../lib/gcc/arm-none-eabi/10.3.1/../../../../arm-none-eabi/lib/thumb/v7-m/nofp\libm.a
LOAD c:/st/stm32cubeide_1.10.1/stm32cubeide/plugins/com.st.stm32cube.ide.mcu.externaltools.gnu-tools-for-stm32.10.3-2021.10.win32_1.0.200.202301161003/tools/bin/../lib/gcc/arm-none-eabi/10.3.1/thumb/v7-m/nofp\libgcc.a

.debug_info     0x0000000000000000     0x93f0
 .debug_info    0x0000000000000000      0xc65 ./Core/Src/main.o
 .debug_info    0x0000000000000c65      0x9b0 ./Core/Src/stm32f1xx_hal_msp.o
 .debug_info    0x0000000000001615      0x3a7 ./Core/Src/stm32f1xx_it.o
 .debug_info    0x00000000000019bc      0x6e0 ./Core/Src/syscalls.o
 .debug_info    0x000000000000209c      0x171 ./Core/Src/sysmem.o
 .debug_info    0x000000000000220d      0x23d ./Core/Src/system_stm32f1xx.o
 .debug_info    0x000000000000244a       0x22 ./Core/Startup/startup_stm32f103c8tx.o
 .debug_info    0x000000000000246c      0x734 ./Drivers/STM32F1xx_HAL_Driver/Src/stm32f1xx_hal.o
 .debug_info    0x0000000000002ba0      0xb20 ./Drivers/STM32F1xx_HAL_Driver/Src/stm32f1xx_hal_cortex.o
 .debug_info    0x00000000000036c0      0x3a6 ./Drivers/STM32F1xx_HAL_Driver/Src/stm32f1xx_hal_crc.o
 .debug_info    0x0000000000003a66      0x73f ./Drivers/STM32F1xx_HAL_Driver/Src/stm32f1xx_hal_dma.o
 .debug_info    0x00000000000041a5      0x615 ./Drivers/STM32F1xx_HAL_Driver/Src/stm32f1xx_hal_gpio.o
 .debug_info    0x00000000000047ba      0x860 ./Drivers/STM32F1xx_HAL_Driver/Src/stm32f1xx_hal_rcc.o
 .debug_info    0x000000000000501a     0x15d8 ./Drivers/STM32F1xx_HAL_Driver/Src/stm32f1xx_hal_uart.o
 .debug_info    0x00000000000065f2      0x7ad ./user/adapter.o
 .debug_info    0x0000000000006d9f      0xf0f ./user/pn_serial_protocol.o
 .debug_info    0x0000000000007cae      0x8ec ./user/pn_serial_protocol_test.o
 .debug_info    0x000000000000859a      0xe56 ./user/uart.o

.debug_abbrev   0x0000000000000000     0x2395
 .debug_abbrev  0x0000000000000000      0x2cb ./Core/Src/main.o
 .debug_abbrev  0x00000000000002cb      0x1db ./Core/Src/stm32f1xx_hal_msp.o
 .debug_abbrev  0x00000000000004a6      0x15f ./Core/Src/stm32f1xx_it.o
 .debug_abbrev  0x0000000000000605      0x1b3 ./Core/Src/syscalls.o
 .debug_abbrev  0x00000000000007b8       0xbb ./Core/Src/sysmem.o
 .debug_abbrev  0x0000000000000873      0x13b ./Core/Src/system_stm32f1xx.o
 .debug_abbrev  0x00000000000009ae       0x12 ./Core/Startup/startup_stm32f103c8tx.o
 .debug_abbrev  0x00000000000009c0      0x1fb ./Drivers/STM32F1xx_HAL_Driver/Src/stm32f1xx_hal.o
 .debug_abbrev  0x0000000000000bbb      0x2ed ./Drivers/STM32F1xx_HAL_Driver/Src/stm32f1xx_hal_cortex.o
 .debug_abbrev  0x0000000000000ea8      0x19e ./Drivers/STM32F1xx_HAL_Driver/Src/stm32f1xx_hal_crc.o
 .debug_abbrev  0x0000000000001046      0x1fe ./Drivers/STM32F1xx_HAL_Driver/Src/stm32f1xx_hal_dma.o
 .debug_abbrev  0x0000000000001244      0x1bb ./Drivers/STM32F1xx_HAL_Driver/Src/stm32f1xx_hal_gpio.o
 .debug_abbrev  0x00000000000013ff      0x2a8 ./Drivers/STM32F1xx_HAL_Driver/Src/stm32f1xx_hal_rcc.o
 .debug_abbrev  0x00000000000016a7      0x278 ./Drivers/STM32F1xx_HAL_Driver/Src/stm32f1xx_hal_uart.o
 .debug_abbrev  0x000000000000191f      0x1f4 ./user/adapter.o
 .debug_abbrev  0x0000000000001b13      0x33c ./user/pn_serial_protocol.o
 .debug_abbrev  0x0000000000001e4f      0x207 ./user/pn_serial_protocol_test.o
 .debug_abbrev  0x0000000000002056      0x33f ./user/uart.o

.debug_aranges  0x0000000000000000      0x910
 .debug_aranges
                0x0000000000000000       0x60 ./Core/Src/main.o
 .debug_aranges
                0x0000000000000060       0x40 ./Core/Src/stm32f1xx_hal_msp.o
 .debug_aranges
                0x00000000000000a0       0x68 ./Core/Src/stm32f1xx_it.o
 .debug_aranges
                0x0000000000000108       0xa8 ./Core/Src/syscalls.o
 .debug_aranges
                0x00000000000001b0       0x20 ./Core/Src/sysmem.o
 .debug_aranges
                0x00000000000001d0       0x28 ./Core/Src/system_stm32f1xx.o
 .debug_aranges
                0x00000000000001f8       0x28 ./Core/Startup/startup_stm32f103c8tx.o
 .debug_aranges
                0x0000000000000220       0xe0 ./Drivers/STM32F1xx_HAL_Driver/Src/stm32f1xx_hal.o
 .debug_aranges
                0x0000000000000300      0x100 ./Drivers/STM32F1xx_HAL_Driver/Src/stm32f1xx_hal_cortex.o
 .debug_aranges
                0x0000000000000400       0x50 ./Drivers/STM32F1xx_HAL_Driver/Src/stm32f1xx_hal_crc.o
 .debug_aranges
                0x0000000000000450       0x80 ./Drivers/STM32F1xx_HAL_Driver/Src/stm32f1xx_hal_dma.o
 .debug_aranges
                0x00000000000004d0       0x58 ./Drivers/STM32F1xx_HAL_Driver/Src/stm32f1xx_hal_gpio.o
 .debug_aranges
                0x0000000000000528       0x90 ./Drivers/STM32F1xx_HAL_Driver/Src/stm32f1xx_hal_rcc.o
 .debug_aranges
                0x00000000000005b8      0x200 ./Drivers/STM32F1xx_HAL_Driver/Src/stm32f1xx_hal_uart.o
 .debug_aranges
                0x00000000000007b8       0x38 ./user/adapter.o
 .debug_aranges
                0x00000000000007f0       0x70 ./user/pn_serial_protocol.o
 .debug_aranges
                0x0000000000000860       0x40 ./user/pn_serial_protocol_test.o
 .debug_aranges
                0x00000000000008a0       0x70 ./user/uart.o

.debug_ranges   0x0000000000000000      0x828
 .debug_ranges  0x0000000000000000       0x50 ./Core/Src/main.o
 .debug_ranges  0x0000000000000050       0x30 ./Core/Src/stm32f1xx_hal_msp.o
 .debug_ranges  0x0000000000000080       0x58 ./Core/Src/stm32f1xx_it.o
 .debug_ranges  0x00000000000000d8       0x98 ./Core/Src/syscalls.o
 .debug_ranges  0x0000000000000170       0x10 ./Core/Src/sysmem.o
 .debug_ranges  0x0000000000000180       0x18 ./Core/Src/system_stm32f1xx.o
 .debug_ranges  0x0000000000000198       0x20 ./Core/Startup/startup_stm32f103c8tx.o
 .debug_ranges  0x00000000000001b8       0xd0 ./Drivers/STM32F1xx_HAL_Driver/Src/stm32f1xx_hal.o
 .debug_ranges  0x0000000000000288       0xf0 ./Drivers/STM32F1xx_HAL_Driver/Src/stm32f1xx_hal_cortex.o
 .debug_ranges  0x0000000000000378       0x40 ./Drivers/STM32F1xx_HAL_Driver/Src/stm32f1xx_hal_crc.o
 .debug_ranges  0x00000000000003b8       0x70 ./Drivers/STM32F1xx_HAL_Driver/Src/stm32f1xx_hal_dma.o
 .debug_ranges  0x0000000000000428       0x48 ./Drivers/STM32F1xx_HAL_Driver/Src/stm32f1xx_hal_gpio.o
 .debug_ranges  0x0000000000000470       0x80 ./Drivers/STM32F1xx_HAL_Driver/Src/stm32f1xx_hal_rcc.o
 .debug_ranges  0x00000000000004f0      0x220 ./Drivers/STM32F1xx_HAL_Driver/Src/stm32f1xx_hal_uart.o
 .debug_ranges  0x0000000000000710       0x28 ./user/adapter.o
 .debug_ranges  0x0000000000000738       0x60 ./user/pn_serial_protocol.o
 .debug_ranges  0x0000000000000798       0x30 ./user/pn_serial_protocol_test.o
 .debug_ranges  0x00000000000007c8       0x60 ./user/uart.o

.debug_macro    0x0000000000000000    0x18a60
 .debug_macro   0x0000000000000000      0x301 ./Core/Src/main.o
 .debug_macro   0x0000000000000301      0xa6c ./Core/Src/main.o
 .debug_macro   0x0000000000000d6d      0x221 ./Core/Src/main.o
 .debug_macro   0x0000000000000f8e       0x2e ./Core/Src/main.o
 .debug_macro   0x0000000000000fbc       0x22 ./Core/Src/main.o
 .debug_macro   0x0000000000000fde       0x22 ./Core/Src/main.o
 .debug_macro   0x0000000000001000       0x8e ./Core/Src/main.o
 .debug_macro   0x000000000000108e       0x51 ./Core/Src/main.o
 .debug_macro   0x00000000000010df      0x103 ./Core/Src/main.o
 .debug_macro   0x00000000000011e2       0x6a ./Core/Src/main.o
 .debug_macro   0x000000000000124c      0x1df ./Core/Src/main.o
 .debug_macro   0x000000000000142b       0x1c ./Core/Src/main.o
 .debug_macro   0x0000000000001447       0x22 ./Core/Src/main.o
 .debug_macro   0x0000000000001469       0xbd ./Core/Src/main.o
 .debug_macro   0x0000000000001526      0xd23 ./Core/Src/main.o
 .debug_macro   0x0000000000002249     0xe09e ./Core/Src/main.o
 .debug_macro   0x00000000000102e7       0x6d ./Core/Src/main.o
 .debug_macro   0x0000000000010354     0x3468 ./Core/Src/main.o
 .debug_macro   0x00000000000137bc      0x174 ./Core/Src/main.o
 .debug_macro   0x0000000000013930       0x5c ./Core/Src/main.o
 .debug_macro   0x000000000001398c      0x5be ./Core/Src/main.o
 .debug_macro   0x0000000000013f4a      0x289 ./Core/Src/main.o
 .debug_macro   0x00000000000141d3      0x1cb ./Core/Src/main.o
 .debug_macro   0x000000000001439e      0x114 ./Core/Src/main.o
 .debug_macro   0x00000000000144b2      0x1b2 ./Core/Src/main.o
 .debug_macro   0x0000000000014664       0x27 ./Core/Src/main.o
 .debug_macro   0x000000000001468b      0x136 ./Core/Src/main.o
 .debug_macro   0x00000000000147c1      0x1bc ./Core/Src/main.o
 .debug_macro   0x000000000001497d       0x34 ./Core/Src/main.o
 .debug_macro   0x00000000000149b1       0x3c ./Core/Src/main.o
 .debug_macro   0x00000000000149ed       0x57 ./Core/Src/main.o
 .debug_macro   0x0000000000014a44       0x22 ./Core/Src/main.o
 .debug_macro   0x0000000000014a66       0x88 ./Core/Src/main.o
 .debug_macro   0x0000000000014aee      0x241 ./Core/Src/main.o
 .debug_macro   0x0000000000014d2f      0x141 ./Core/Src/main.o
 .debug_macro   0x0000000000014e70      0x279 ./Core/Src/main.o
 .debug_macro   0x00000000000150e9       0x83 ./Core/Src/main.o
 .debug_macro   0x000000000001516c       0x52 ./Core/Src/main.o
 .debug_macro   0x00000000000151be       0x18 ./Core/Src/main.o
 .debug_macro   0x00000000000151d6       0x3c ./Core/Src/main.o
 .debug_macro   0x0000000000015212       0x34 ./Core/Src/main.o
 .debug_macro   0x0000000000015246       0x16 ./Core/Src/main.o
 .debug_macro   0x000000000001525c       0x35 ./Core/Src/main.o
 .debug_macro   0x0000000000015291      0x341 ./Core/Src/main.o
 .debug_macro   0x00000000000155d2       0x10 ./Core/Src/main.o
 .debug_macro   0x00000000000155e2       0x16 ./Core/Src/main.o
 .debug_macro   0x00000000000155f8       0x43 ./Core/Src/main.o
 .debug_macro   0x000000000001563b       0x34 ./Core/Src/main.o
 .debug_macro   0x000000000001566f       0x10 ./Core/Src/main.o
 .debug_macro   0x000000000001567f       0x58 ./Core/Src/main.o
 .debug_macro   0x00000000000156d7       0x71 ./Core/Src/main.o
 .debug_macro   0x0000000000015748       0x1c ./Core/Src/main.o
 .debug_macro   0x0000000000015764      0x12a ./Core/Src/main.o
 .debug_macro   0x000000000001588e       0x10 ./Core/Src/main.o
 .debug_macro   0x000000000001589e       0x1c ./Core/Src/main.o
 .debug_macro   0x00000000000158ba       0x52 ./Core/Src/main.o
 .debug_macro   0x000000000001590c       0x22 ./Core/Src/main.o
 .debug_macro   0x000000000001592e       0x10 ./Core/Src/main.o
 .debug_macro   0x000000000001593e       0x52 ./Core/Src/main.o
 .debug_macro   0x0000000000015990       0xd5 ./Core/Src/main.o
 .debug_macro   0x0000000000015a65       0x1c ./Core/Src/main.o
 .debug_macro   0x0000000000015a81       0x3d ./Core/Src/main.o
 .debug_macro   0x0000000000015abe       0x16 ./Core/Src/main.o
 .debug_macro   0x0000000000015ad4      0x145 ./Core/Src/main.o
 .debug_macro   0x0000000000015c19      0x301 ./Core/Src/stm32f1xx_hal_msp.o
 .debug_macro   0x0000000000015f1a      0x30b ./Core/Src/stm32f1xx_it.o
 .debug_macro   0x0000000000016225      0x24c ./Core/Src/syscalls.o
 .debug_macro   0x0000000000016471       0x4c ./Core/Src/syscalls.o
 .debug_macro   0x00000000000164bd       0x94 ./Core/Src/syscalls.o
 .debug_macro   0x0000000000016551       0x57 ./Core/Src/syscalls.o
 .debug_macro   0x00000000000165a8       0x10 ./Core/Src/syscalls.o
 .debug_macro   0x00000000000165b8       0x10 ./Core/Src/syscalls.o
 .debug_macro   0x00000000000165c8       0x10 ./Core/Src/syscalls.o
 .debug_macro   0x00000000000165d8       0x35 ./Core/Src/syscalls.o
 .debug_macro   0x000000000001660d      0x12c ./Core/Src/syscalls.o
 .debug_macro   0x0000000000016739       0x16 ./Core/Src/syscalls.o
 .debug_macro   0x000000000001674f       0x16 ./Core/Src/syscalls.o
 .debug_macro   0x0000000000016765       0x29 ./Core/Src/syscalls.o
 .debug_macro   0x000000000001678e       0x10 ./Core/Src/syscalls.o
 .debug_macro   0x000000000001679e      0x241 ./Core/Src/syscalls.o
 .debug_macro   0x00000000000169df       0x1c ./Core/Src/syscalls.o
 .debug_macro   0x00000000000169fb       0x10 ./Core/Src/syscalls.o
 .debug_macro   0x0000000000016a0b      0x189 ./Core/Src/syscalls.o
 .debug_macro   0x0000000000016b94       0x16 ./Core/Src/syscalls.o
 .debug_macro   0x0000000000016baa       0xce ./Core/Src/syscalls.o
 .debug_macro   0x0000000000016c78       0xff ./Core/Src/sysmem.o
 .debug_macro   0x0000000000016d77      0x23b ./Core/Src/sysmem.o
 .debug_macro   0x0000000000016fb2      0x198 ./Core/Src/system_stm32f1xx.o
 .debug_macro   0x000000000001714a      0x1bc ./Drivers/STM32F1xx_HAL_Driver/Src/stm32f1xx_hal.o
 .debug_macro   0x0000000000017306      0x198 ./Drivers/STM32F1xx_HAL_Driver/Src/stm32f1xx_hal_cortex.o
 .debug_macro   0x000000000001749e      0x198 ./Drivers/STM32F1xx_HAL_Driver/Src/stm32f1xx_hal_crc.o
 .debug_macro   0x0000000000017636      0x198 ./Drivers/STM32F1xx_HAL_Driver/Src/stm32f1xx_hal_dma.o
 .debug_macro   0x00000000000177ce      0x203 ./Drivers/STM32F1xx_HAL_Driver/Src/stm32f1xx_hal_gpio.o
 .debug_macro   0x00000000000179d1      0x1aa ./Drivers/STM32F1xx_HAL_Driver/Src/stm32f1xx_hal_rcc.o
 .debug_macro   0x0000000000017b7b      0x199 ./Drivers/STM32F1xx_HAL_Driver/Src/stm32f1xx_hal_uart.o
 .debug_macro   0x0000000000017d14      0x37f ./user/adapter.o
 .debug_macro   0x0000000000018093       0x16 ./user/adapter.o
 .debug_macro   0x00000000000180a9       0x20 ./user/adapter.o
 .debug_macro   0x00000000000180c9      0x320 ./user/pn_serial_protocol.o
 .debug_macro   0x00000000000183e9       0x4c ./user/pn_serial_protocol.o
 .debug_macro   0x0000000000018435      0x30b ./user/pn_serial_protocol_test.o
 .debug_macro   0x0000000000018740      0x320 ./user/uart.o

.debug_line     0x0000000000000000     0xb520
 .debug_line    0x0000000000000000      0x99b ./Core/Src/main.o
 .debug_line    0x000000000000099b      0x91c ./Core/Src/stm32f1xx_hal_msp.o
 .debug_line    0x00000000000012b7      0x91a ./Core/Src/stm32f1xx_it.o
 .debug_line    0x0000000000001bd1      0x7fe ./Core/Src/syscalls.o
 .debug_line    0x00000000000023cf      0x4f4 ./Core/Src/sysmem.o
 .debug_line    0x00000000000028c3      0x6de ./Core/Src/system_stm32f1xx.o
 .debug_line    0x0000000000002fa1       0x87 ./Core/Startup/startup_stm32f103c8tx.o
 .debug_line    0x0000000000003028      0x90b ./Drivers/STM32F1xx_HAL_Driver/Src/stm32f1xx_hal.o
 .debug_line    0x0000000000003933      0xaf3 ./Drivers/STM32F1xx_HAL_Driver/Src/stm32f1xx_hal_cortex.o
 .debug_line    0x0000000000004426      0x7a6 ./Drivers/STM32F1xx_HAL_Driver/Src/stm32f1xx_hal_crc.o
 .debug_line    0x0000000000004bcc      0xd63 ./Drivers/STM32F1xx_HAL_Driver/Src/stm32f1xx_hal_dma.o
 .debug_line    0x000000000000592f      0x9a2 ./Drivers/STM32F1xx_HAL_Driver/Src/stm32f1xx_hal_gpio.o
 .debug_line    0x00000000000062d1      0xd19 ./Drivers/STM32F1xx_HAL_Driver/Src/stm32f1xx_hal_rcc.o
 .debug_line    0x0000000000006fea     0x19e6 ./Drivers/STM32F1xx_HAL_Driver/Src/stm32f1xx_hal_uart.o
 .debug_line    0x00000000000089d0      0x8e9 ./user/adapter.o
 .debug_line    0x00000000000092b9      0xc99 ./user/pn_serial_protocol.o
 .debug_line    0x0000000000009f52      0x951 ./user/pn_serial_protocol_test.o
 .debug_line    0x000000000000a8a3      0xc7d ./user/uart.o

.debug_str      0x0000000000000000    0x83e59
 .debug_str     0x0000000000000000    0x80ada ./Core/Src/main.o
                                      0x80eef (size before relaxing)
 .debug_str     0x0000000000080ada       0xf5 ./Core/Src/stm32f1xx_hal_msp.o
                                      0x80ab3 (size before relaxing)
 .debug_str     0x0000000000080bcf       0xf5 ./Core/Src/stm32f1xx_it.o
                                      0x8077b (size before relaxing)
 .debug_str     0x0000000000080cc4     0x1756 ./Core/Src/syscalls.o
                                       0x8a47 (size before relaxing)
 .debug_str     0x000000000008241a       0x6b ./Core/Src/sysmem.o
                                       0x5d83 (size before relaxing)
 .debug_str     0x0000000000082485       0x7e ./Core/Src/system_stm32f1xx.o
                                      0x7c826 (size before relaxing)
 .debug_str     0x0000000000082503       0x36 ./Core/Startup/startup_stm32f103c8tx.o
                                         0x85 (size before relaxing)
 .debug_str     0x0000000000082539      0x389 ./Drivers/STM32F1xx_HAL_Driver/Src/stm32f1xx_hal.o
                                      0x7cf59 (size before relaxing)
 .debug_str     0x00000000000828c2      0x2a8 ./Drivers/STM32F1xx_HAL_Driver/Src/stm32f1xx_hal_cortex.o
                                      0x7cea5 (size before relaxing)
 .debug_str     0x0000000000082b6a       0x9d ./Drivers/STM32F1xx_HAL_Driver/Src/stm32f1xx_hal_crc.o
                                      0x7c968 (size before relaxing)
 .debug_str     0x0000000000082c07      0x206 ./Drivers/STM32F1xx_HAL_Driver/Src/stm32f1xx_hal_dma.o
                                      0x7cbcf (size before relaxing)
 .debug_str     0x0000000000082e0d      0x341 ./Drivers/STM32F1xx_HAL_Driver/Src/stm32f1xx_hal_gpio.o
                                      0x7cbac (size before relaxing)
 .debug_str     0x000000000008314e      0x229 ./Drivers/STM32F1xx_HAL_Driver/Src/stm32f1xx_hal_rcc.o
                                      0x7cc55 (size before relaxing)
 .debug_str     0x0000000000083377      0x5c5 ./Drivers/STM32F1xx_HAL_Driver/Src/stm32f1xx_hal_uart.o
                                      0x7d260 (size before relaxing)
 .debug_str     0x000000000008393c       0xe7 ./user/adapter.o
                                      0x80b1a (size before relaxing)
 .debug_str     0x0000000000083a23      0x397 ./user/pn_serial_protocol.o
                                      0x80e40 (size before relaxing)
 .debug_str     0x0000000000083dba       0x75 ./user/pn_serial_protocol_test.o
                                      0x80a5e (size before relaxing)
 .debug_str     0x0000000000083e2f       0x2a ./user/uart.o
                                      0x80e0d (size before relaxing)

.comment        0x0000000000000000       0x50
 .comment       0x0000000000000000       0x50 ./Core/Src/main.o
                                         0x51 (size before relaxing)
 .comment       0x0000000000000050       0x51 ./Core/Src/stm32f1xx_hal_msp.o
 .comment       0x0000000000000050       0x51 ./Core/Src/stm32f1xx_it.o
 .comment       0x0000000000000050       0x51 ./Core/Src/syscalls.o
 .comment       0x0000000000000050       0x51 ./Core/Src/sysmem.o
 .comment       0x0000000000000050       0x51 ./Core/Src/system_stm32f1xx.o
 .comment       0x0000000000000050       0x51 ./Drivers/STM32F1xx_HAL_Driver/Src/stm32f1xx_hal.o
 .comment       0x0000000000000050       0x51 ./Drivers/STM32F1xx_HAL_Driver/Src/stm32f1xx_hal_cortex.o
 .comment       0x0000000000000050       0x51 ./Drivers/STM32F1xx_HAL_Driver/Src/stm32f1xx_hal_crc.o
 .comment       0x0000000000000050       0x51 ./Drivers/STM32F1xx_HAL_Driver/Src/stm32f1xx_hal_dma.o
 .comment       0x0000000000000050       0x51 ./Drivers/STM32F1xx_HAL_Driver/Src/stm32f1xx_hal_gpio.o
 .comment       0x0000000000000050       0x51 ./Drivers/STM32F1xx_HAL_Driver/Src/stm32f1xx_hal_rcc.o
 .comment       0x0000000000000050       0x51 ./Drivers/STM32F1xx_HAL_Driver/Src/stm32f1xx_hal_uart.o
 .comment       0x0000000000000050       0x51 ./user/adapter.o
 .comment       0x0000000000000050       0x51 ./user/pn_serial_protocol.o
 .comment       0x0000000000000050       0x51 ./user/pn_serial_protocol_test.o
 .comment       0x0000000000000050       0x51 ./user/uart.o

.debug_frame    0x0000000000000000     0x2a90
 .debug_frame   0x0000000000000000      0x12c ./Core/Src/main.o
 .debug_frame   0x000000000000012c       0xd0 ./Core/Src/stm32f1xx_hal_msp.o
 .debug_frame   0x00000000000001fc      0x120 ./Core/Src/stm32f1xx_it.o
 .debug_frame   0x000000000000031c      0x2ac ./Core/Src/syscalls.o
 .debug_frame   0x00000000000005c8       0x34 ./Core/Src/sysmem.o
 .debug_frame   0x00000000000005fc       0x58 ./Core/Src/system_stm32f1xx.o
 .debug_frame   0x0000000000000654      0x334 ./Drivers/STM32F1xx_HAL_Driver/Src/stm32f1xx_hal.o
 .debug_frame   0x0000000000000988      0x428 ./Drivers/STM32F1xx_HAL_Driver/Src/stm32f1xx_hal_cortex.o
 .debug_frame   0x0000000000000db0      0x120 ./Drivers/STM32F1xx_HAL_Driver/Src/stm32f1xx_hal_crc.o
 .debug_frame   0x0000000000000ed0      0x208 ./Drivers/STM32F1xx_HAL_Driver/Src/stm32f1xx_hal_dma.o
 .debug_frame   0x00000000000010d8      0x14c ./Drivers/STM32F1xx_HAL_Driver/Src/stm32f1xx_hal_gpio.o
 .debug_frame   0x0000000000001224      0x21c ./Drivers/STM32F1xx_HAL_Driver/Src/stm32f1xx_hal_rcc.o
 .debug_frame   0x0000000000001440      0x914 ./Drivers/STM32F1xx_HAL_Driver/Src/stm32f1xx_hal_uart.o